
Aug 11 09:33:45 LiuZheTan kernel: Linux version 5.15.90.1-microsoft-standard-WSL2 (oe-user@oe-host) (x86_64-msft-linux-gcc (GCC) 9.3.0, GNU ld (GNU Binutils) 2.34.0.20200220) #1 SMP Fri Jan 27 02:56:13 UTC 2023
Aug 11 09:33:45 LiuZheTan kernel: Command line: initrd=\initrd.img WSL_ROOT_INIT=1 panic=-1 nr_cpus=20 bonding.max_bonds=0 dummy.numdummies=0 fb_tunnels=none swiotlb=force console=hvc0 debug pty.legacy_count=0
Aug 11 09:33:45 LiuZheTan kernel: KERNEL supported cpus:
Aug 11 09:33:45 LiuZheTan kernel:   Intel GenuineIntel
Aug 11 09:33:45 LiuZheTan kernel:   AMD AuthenticAMD
Aug 11 09:33:45 LiuZheTan kernel:   Centaur CentaurHauls
Aug 11 09:33:45 LiuZheTan kernel: x86/fpu: Supporting XSAVE feature 0x001: 'x87 floating point registers'
Aug 11 09:33:45 LiuZheTan kernel: x86/fpu: Supporting XSAVE feature 0x002: 'SSE registers'
Aug 11 09:33:45 LiuZheTan kernel: x86/fpu: Supporting XSAVE feature 0x004: 'AVX registers'
Aug 11 09:33:45 LiuZheTan kernel: x86/fpu: xstate_offset[2]:  576, xstate_sizes[2]:  256
Aug 11 09:33:45 LiuZheTan kernel: x86/fpu: Enabled xstate features 0x7, context size is 832 bytes, using 'compacted' format.
Aug 11 09:33:45 LiuZheTan kernel: signal: max sigframe size: 1776
Aug 11 09:33:45 LiuZheTan kernel: BIOS-provided physical RAM map:
Aug 11 09:33:45 LiuZheTan kernel: BIOS-e820: [mem 0x0000000000000000-0x000000000009ffff] usable
Aug 11 09:33:45 LiuZheTan kernel: BIOS-e820: [mem 0x00000000000e0000-0x00000000000e0fff] reserved
Aug 11 09:33:45 LiuZheTan kernel: BIOS-e820: [mem 0x0000000000100000-0x00000000001fffff] ACPI data
Aug 11 09:33:45 LiuZheTan kernel: BIOS-e820: [mem 0x0000000000200000-0x00000000f7ffffff] usable
Aug 11 09:33:45 LiuZheTan kernel: BIOS-e820: [mem 0x0000000100000000-0x00000001fc3fffff] usable
Aug 11 09:33:45 LiuZheTan kernel: NX (Execute Disable) protection: active
Aug 11 09:33:45 LiuZheTan kernel: DMI not present or invalid.
Aug 11 09:33:45 LiuZheTan kernel: Hypervisor detected: Microsoft Hyper-V
Aug 11 09:33:45 LiuZheTan kernel: Hyper-V: privilege flags low 0xae7f, high 0x3b8030, hints 0xa4e24, misc 0xe0bed7b2
Aug 11 09:33:45 LiuZheTan kernel: Hyper-V Host Build:22621-10.0-2-0.2134
Aug 11 09:33:45 LiuZheTan kernel: Hyper-V: Nested features: 0x3e0101
Aug 11 09:33:45 LiuZheTan kernel: Hyper-V: LAPIC Timer Frequency: 0x1e8480
Aug 11 09:33:45 LiuZheTan kernel: Hyper-V: Using hypercall for remote TLB flush
Aug 11 09:33:45 LiuZheTan kernel: clocksource: hyperv_clocksource_tsc_page: mask: 0xffffffffffffffff max_cycles: 0x24e6a1710, max_idle_ns: 440795202120 ns
Aug 11 09:33:45 LiuZheTan kernel: tsc: Detected 2995.200 MHz processor
Aug 11 09:33:45 LiuZheTan kernel: e820: update [mem 0x00000000-0x00000fff] usable ==> reserved
Aug 11 09:33:45 LiuZheTan kernel: e820: remove [mem 0x000a0000-0x000fffff] usable
Aug 11 09:33:45 LiuZheTan kernel: last_pfn = 0x1fc400 max_arch_pfn = 0x400000000
Aug 11 09:33:45 LiuZheTan kernel: x86/PAT: Configuration [0-7]: WB  WC  UC- UC  WB  WP  UC- WT  
Aug 11 09:33:45 LiuZheTan kernel: last_pfn = 0xf8000 max_arch_pfn = 0x400000000
Aug 11 09:33:45 LiuZheTan kernel: Using GB pages for direct mapping
Aug 11 09:33:45 LiuZheTan kernel: RAMDISK: [mem 0x03a35000-0x03c18fff]
Aug 11 09:33:45 LiuZheTan kernel: ACPI: Early table checksum verification disabled
Aug 11 09:33:45 LiuZheTan kernel: ACPI: RSDP 0x00000000000E0000 000024 (v02 VRTUAL)
Aug 11 09:33:45 LiuZheTan kernel: ACPI: XSDT 0x0000000000100000 000044 (v01 VRTUAL MICROSFT 00000001 MSFT 00000001)
Aug 11 09:33:45 LiuZheTan kernel: ACPI: FACP 0x0000000000101000 000114 (v06 VRTUAL MICROSFT 00000001 MSFT 00000001)
Aug 11 09:33:45 LiuZheTan kernel: ACPI: DSDT 0x00000000001011B8 01E191 (v02 MSFTVM DSDT01   00000001 MSFT 05000000)
Aug 11 09:33:45 LiuZheTan kernel: ACPI: FACS 0x0000000000101114 000040
Aug 11 09:33:45 LiuZheTan kernel: ACPI: OEM0 0x0000000000101154 000064 (v01 VRTUAL MICROSFT 00000001 MSFT 00000001)
Aug 11 09:33:45 LiuZheTan kernel: ACPI: SRAT 0x000000000011F349 0003F0 (v02 VRTUAL MICROSFT 00000001 MSFT 00000001)
Aug 11 09:33:45 LiuZheTan kernel: ACPI: APIC 0x000000000011F739 0000E8 (v04 VRTUAL MICROSFT 00000001 MSFT 00000001)
Aug 11 09:33:45 LiuZheTan kernel: ACPI: Reserving FACP table memory at [mem 0x101000-0x101113]
Aug 11 09:33:45 LiuZheTan kernel: ACPI: Reserving DSDT table memory at [mem 0x1011b8-0x11f348]
Aug 11 09:33:45 LiuZheTan kernel: ACPI: Reserving FACS table memory at [mem 0x101114-0x101153]
Aug 11 09:33:45 LiuZheTan kernel: ACPI: Reserving OEM0 table memory at [mem 0x101154-0x1011b7]
Aug 11 09:33:45 LiuZheTan kernel: ACPI: Reserving SRAT table memory at [mem 0x11f349-0x11f738]
Aug 11 09:33:45 LiuZheTan kernel: ACPI: Reserving APIC table memory at [mem 0x11f739-0x11f820]
Aug 11 09:33:45 LiuZheTan kernel: Zone ranges:
Aug 11 09:33:45 LiuZheTan kernel:   DMA      [mem 0x0000000000001000-0x0000000000ffffff]
Aug 11 09:33:45 LiuZheTan kernel:   DMA32    [mem 0x0000000001000000-0x00000000ffffffff]
Aug 11 09:33:45 LiuZheTan kernel:   Normal   [mem 0x0000000100000000-0x00000001fc3fffff]
Aug 11 09:33:45 LiuZheTan kernel:   Device   empty
Aug 11 09:33:45 LiuZheTan kernel: Movable zone start for each node
Aug 11 09:33:45 LiuZheTan kernel: Early memory node ranges
Aug 11 09:33:45 LiuZheTan kernel:   node   0: [mem 0x0000000000001000-0x000000000009ffff]
Aug 11 09:33:45 LiuZheTan kernel:   node   0: [mem 0x0000000000200000-0x00000000f7ffffff]
Aug 11 09:33:45 LiuZheTan kernel:   node   0: [mem 0x0000000100000000-0x00000001fc3fffff]
Aug 11 09:33:45 LiuZheTan kernel: Initmem setup node 0 [mem 0x0000000000001000-0x00000001fc3fffff]
Aug 11 09:33:45 LiuZheTan kernel: On node 0, zone DMA: 1 pages in unavailable ranges
Aug 11 09:33:45 LiuZheTan kernel: On node 0, zone DMA: 352 pages in unavailable ranges
Aug 11 09:33:45 LiuZheTan kernel: On node 0, zone Normal: 15360 pages in unavailable ranges
Aug 11 09:33:45 LiuZheTan kernel: ACPI: LAPIC_NMI (acpi_id[0x01] dfl dfl lint[0x1])
Aug 11 09:33:45 LiuZheTan kernel: IOAPIC[0]: apic_id 20, version 17, address 0xfec00000, GSI 0-23
Aug 11 09:33:45 LiuZheTan kernel: ACPI: INT_SRC_OVR (bus 0 bus_irq 9 global_irq 9 high level)
Aug 11 09:33:45 LiuZheTan kernel: ACPI: Using ACPI (MADT) for SMP configuration information
Aug 11 09:33:45 LiuZheTan kernel: TSC deadline timer available
Aug 11 09:33:45 LiuZheTan kernel: smpboot: Allowing 20 CPUs, 0 hotplug CPUs
Aug 11 09:33:45 LiuZheTan kernel: [mem 0xf8000000-0xffffffff] available for PCI devices
Aug 11 09:33:45 LiuZheTan kernel: Booting paravirtualized kernel on Hyper-V
Aug 11 09:33:45 LiuZheTan kernel: clocksource: refined-jiffies: mask: 0xffffffff max_cycles: 0xffffffff, max_idle_ns: 19112604462750000 ns
Aug 11 09:33:45 LiuZheTan kernel: setup_percpu: NR_CPUS:256 nr_cpumask_bits:256 nr_cpu_ids:20 nr_node_ids:1
Aug 11 09:33:45 LiuZheTan kernel: percpu: Embedded 53 pages/cpu s177496 r8192 d31400 u262144
Aug 11 09:33:45 LiuZheTan kernel: pcpu-alloc: s177496 r8192 d31400 u262144 alloc=1*2097152
Aug 11 09:33:45 LiuZheTan kernel: pcpu-alloc: [0] 00 01 02 03 04 05 06 07 [0] 08 09 10 11 12 13 14 15 
Aug 11 09:33:45 LiuZheTan kernel: pcpu-alloc: [0] 16 17 18 19 -- -- -- -- 
Aug 11 09:33:45 LiuZheTan kernel: Hyper-V: PV spinlocks enabled
Aug 11 09:33:45 LiuZheTan kernel: PV qspinlock hash table entries: 256 (order: 0, 4096 bytes, linear)
Aug 11 09:33:45 LiuZheTan kernel: Built 1 zonelists, mobility grouping on.  Total pages: 2015989
Aug 11 09:33:45 LiuZheTan kernel: Kernel command line: initrd=\initrd.img WSL_ROOT_INIT=1 panic=-1 nr_cpus=20 bonding.max_bonds=0 dummy.numdummies=0 fb_tunnels=none swiotlb=force console=hvc0 debug pty.legacy_count=0
Aug 11 09:33:45 LiuZheTan kernel: Unknown kernel command line parameters "WSL_ROOT_INIT=1", will be passed to user space.
Aug 11 09:33:45 LiuZheTan kernel: printk: log_buf_len individual max cpu contribution: 4096 bytes
Aug 11 09:33:45 LiuZheTan kernel: printk: log_buf_len total cpu_extra contributions: 77824 bytes
Aug 11 09:33:45 LiuZheTan kernel: printk: log_buf_len min size: 131072 bytes
Aug 11 09:33:45 LiuZheTan kernel: printk: log_buf_len: 262144 bytes
Aug 11 09:33:45 LiuZheTan kernel: printk: early log buf free: 125152(95%)
Aug 11 09:33:45 LiuZheTan kernel: Dentry cache hash table entries: 1048576 (order: 11, 8388608 bytes, linear)
Aug 11 09:33:45 LiuZheTan kernel: Inode-cache hash table entries: 524288 (order: 10, 4194304 bytes, linear)
Aug 11 09:33:45 LiuZheTan kernel: mem auto-init: stack:off, heap alloc:off, heap free:off
Aug 11 09:33:45 LiuZheTan kernel: Memory: 4081468K/8194684K available (18452K kernel code, 2628K rwdata, 9776K rodata, 2008K init, 1892K bss, 258704K reserved, 0K cma-reserved)
Aug 11 09:33:45 LiuZheTan kernel: SLUB: HWalign=64, Order=0-3, MinObjects=0, CPUs=20, Nodes=1
Aug 11 09:33:45 LiuZheTan kernel: ftrace: allocating 54631 entries in 214 pages
Aug 11 09:33:45 LiuZheTan kernel: ftrace: allocated 214 pages with 5 groups
Aug 11 09:33:45 LiuZheTan kernel: rcu: Hierarchical RCU implementation.
Aug 11 09:33:45 LiuZheTan kernel: rcu:         RCU restricting CPUs from NR_CPUS=256 to nr_cpu_ids=20.
Aug 11 09:33:45 LiuZheTan kernel:         Rude variant of Tasks RCU enabled.
Aug 11 09:33:45 LiuZheTan kernel:         Tracing variant of Tasks RCU enabled.
Aug 11 09:33:45 LiuZheTan kernel: rcu: RCU calculated value of scheduler-enlistment delay is 10 jiffies.
Aug 11 09:33:45 LiuZheTan kernel: rcu: Adjusting geometry for rcu_fanout_leaf=16, nr_cpu_ids=20
Aug 11 09:33:45 LiuZheTan kernel: Using NULL legacy PIC
Aug 11 09:33:45 LiuZheTan kernel: NR_IRQS: 16640, nr_irqs: 584, preallocated irqs: 0
Aug 11 09:33:45 LiuZheTan kernel: random: crng init done
Aug 11 09:33:45 LiuZheTan kernel: Console: colour dummy device 80x25
Aug 11 09:33:45 LiuZheTan kernel: ACPI: Core revision 20210730
Aug 11 09:33:45 LiuZheTan kernel: Failed to register legacy timer interrupt
Aug 11 09:33:45 LiuZheTan kernel: APIC: Switch to symmetric I/O mode setup
Aug 11 09:33:45 LiuZheTan kernel: x2apic enabled
Aug 11 09:33:45 LiuZheTan kernel: Switched APIC routing to physical x2apic.
Aug 11 09:33:45 LiuZheTan kernel: Hyper-V: Using IPI hypercalls
Aug 11 09:33:45 LiuZheTan kernel: clocksource: tsc-early: mask: 0xffffffffffffffff max_cycles: 0x2b2c8ec87c7, max_idle_ns: 440795278598 ns
Aug 11 09:33:45 LiuZheTan kernel: Calibrating delay loop (skipped), value calculated using timer frequency.. 5990.40 BogoMIPS (lpj=29952000)
Aug 11 09:33:45 LiuZheTan kernel: pid_max: default: 32768 minimum: 301
Aug 11 09:33:45 LiuZheTan kernel: LSM: Security Framework initializing
Aug 11 09:33:45 LiuZheTan kernel: landlock: Up and running.
Aug 11 09:33:45 LiuZheTan kernel: Mount-cache hash table entries: 16384 (order: 5, 131072 bytes, linear)
Aug 11 09:33:45 LiuZheTan kernel: Mountpoint-cache hash table entries: 16384 (order: 5, 131072 bytes, linear)
Aug 11 09:33:45 LiuZheTan kernel: x86/cpu: User Mode Instruction Prevention (UMIP) activated
Aug 11 09:33:45 LiuZheTan kernel: Last level iTLB entries: 4KB 0, 2MB 0, 4MB 0
Aug 11 09:33:45 LiuZheTan kernel: Last level dTLB entries: 4KB 0, 2MB 0, 4MB 0, 1GB 0
Aug 11 09:33:45 LiuZheTan kernel: Spectre V1 : Mitigation: usercopy/swapgs barriers and __user pointer sanitization
Aug 11 09:33:45 LiuZheTan kernel: Spectre V2 : Mitigation: Enhanced IBRS
Aug 11 09:33:45 LiuZheTan kernel: Spectre V2 : Spectre v2 / SpectreRSB mitigation: Filling RSB on context switch
Aug 11 09:33:45 LiuZheTan kernel: Spectre V2 : Spectre v2 / PBRSB-eIBRS: Retire a single CALL on VMEXIT
Aug 11 09:33:45 LiuZheTan kernel: RETBleed: Mitigation: Enhanced IBRS
Aug 11 09:33:45 LiuZheTan kernel: Spectre V2 : mitigation: Enabling conditional Indirect Branch Prediction Barrier
Aug 11 09:33:45 LiuZheTan kernel: Speculative Store Bypass: Mitigation: Speculative Store Bypass disabled via prctl and seccomp
Aug 11 09:33:45 LiuZheTan kernel: Freeing SMP alternatives memory: 60K
Aug 11 09:33:45 LiuZheTan kernel: smpboot: CPU0: 13th Gen Intel(R) Core(TM) i9-13900H (family: 0x6, model: 0xba, stepping: 0x2)
Aug 11 09:33:45 LiuZheTan kernel: Performance Events: unsupported p6 CPU model 186 no PMU driver, software events only.
Aug 11 09:33:45 LiuZheTan kernel: rcu: Hierarchical SRCU implementation.
Aug 11 09:33:45 LiuZheTan kernel: smp: Bringing up secondary CPUs ...
Aug 11 09:33:45 LiuZheTan kernel: x86: Booting SMP configuration:
Aug 11 09:33:45 LiuZheTan kernel: .... node  #0, CPUs:        #1  #2  #3  #4  #5  #6  #7  #8  #9 #10 #11 #12 #13 #14 #15 #16 #17 #18 #19
Aug 11 09:33:45 LiuZheTan kernel: smp: Brought up 1 node, 20 CPUs
Aug 11 09:33:45 LiuZheTan kernel: smpboot: Max logical packages: 1
Aug 11 09:33:45 LiuZheTan kernel: smpboot: Total of 20 processors activated (119808.00 BogoMIPS)
Aug 11 09:33:45 LiuZheTan kernel: node 0 deferred pages initialised in 0ms
Aug 11 09:33:45 LiuZheTan kernel: devtmpfs: initialized
Aug 11 09:33:45 LiuZheTan kernel: x86/mm: Memory block size: 128MB
Aug 11 09:33:45 LiuZheTan kernel: clocksource: jiffies: mask: 0xffffffff max_cycles: 0xffffffff, max_idle_ns: 19112604462750000 ns
Aug 11 09:33:45 LiuZheTan kernel: futex hash table entries: 8192 (order: 7, 524288 bytes, linear)
Aug 11 09:33:45 LiuZheTan kernel: NET: Registered PF_NETLINK/PF_ROUTE protocol family
Aug 11 09:33:45 LiuZheTan kernel: thermal_sys: Registered thermal governor 'step_wise'
Aug 11 09:33:45 LiuZheTan kernel: cpuidle: using governor menu
Aug 11 09:33:45 LiuZheTan kernel: ACPI: bus type PCI registered
Aug 11 09:33:45 LiuZheTan kernel: PCI: Fatal: No config space access function found
Aug 11 09:33:45 LiuZheTan kernel: Kprobes globally optimized
Aug 11 09:33:45 LiuZheTan kernel: HugeTLB registered 1.00 GiB page size, pre-allocated 0 pages
Aug 11 09:33:45 LiuZheTan kernel: HugeTLB registered 2.00 MiB page size, pre-allocated 0 pages
Aug 11 09:33:45 LiuZheTan kernel: raid6: skip pq benchmark and using algorithm avx2x4
Aug 11 09:33:45 LiuZheTan kernel: raid6: using avx2x2 recovery algorithm
Aug 11 09:33:45 LiuZheTan kernel: ACPI: Added _OSI(Module Device)
Aug 11 09:33:45 LiuZheTan kernel: ACPI: Added _OSI(Processor Device)
Aug 11 09:33:45 LiuZheTan kernel: ACPI: Added _OSI(3.0 _SCP Extensions)
Aug 11 09:33:45 LiuZheTan kernel: ACPI: Added _OSI(Processor Aggregator Device)
Aug 11 09:33:45 LiuZheTan kernel: ACPI: Added _OSI(Linux-Dell-Video)
Aug 11 09:33:45 LiuZheTan kernel: ACPI: Added _OSI(Linux-Lenovo-NV-HDMI-Audio)
Aug 11 09:33:45 LiuZheTan kernel: ACPI: Added _OSI(Linux-HPI-Hybrid-Graphics)
Aug 11 09:33:45 LiuZheTan kernel: ACPI: 1 ACPI AML tables successfully acquired and loaded
Aug 11 09:33:45 LiuZheTan kernel: ACPI: Interpreter enabled
Aug 11 09:33:45 LiuZheTan kernel: ACPI: PM: (supports S0 S5)
Aug 11 09:33:45 LiuZheTan kernel: ACPI: Using IOAPIC for interrupt routing
Aug 11 09:33:45 LiuZheTan kernel: PCI: Using host bridge windows from ACPI; if necessary, use "pci=nocrs" and report a bug
Aug 11 09:33:45 LiuZheTan kernel: ACPI: Enabled 2 GPEs in block 00 to 0F
Aug 11 09:33:45 LiuZheTan kernel: iommu: Default domain type: Translated 
Aug 11 09:33:45 LiuZheTan kernel: iommu: DMA domain TLB invalidation policy: lazy mode 
Aug 11 09:33:45 LiuZheTan kernel: SCSI subsystem initialized
Aug 11 09:33:45 LiuZheTan kernel: ACPI: bus type USB registered
Aug 11 09:33:45 LiuZheTan kernel: usbcore: registered new interface driver usbfs
Aug 11 09:33:45 LiuZheTan kernel: usbcore: registered new interface driver hub
Aug 11 09:33:45 LiuZheTan kernel: usbcore: registered new device driver usb
Aug 11 09:33:45 LiuZheTan kernel: pps_core: LinuxPPS API ver. 1 registered
Aug 11 09:33:45 LiuZheTan kernel: pps_core: Software ver. 5.3.6 - Copyright 2005-2007 Rodolfo Giometti <giometti@linux.it>
Aug 11 09:33:45 LiuZheTan kernel: PTP clock support registered
Aug 11 09:33:45 LiuZheTan kernel: hv_vmbus: Vmbus version:5.3
Aug 11 09:33:45 LiuZheTan kernel: PCI: Using ACPI for IRQ routing
Aug 11 09:33:45 LiuZheTan kernel: PCI: System does not support PCI
Aug 11 09:33:45 LiuZheTan kernel: clocksource: Switched to clocksource tsc-early
Aug 11 09:33:45 LiuZheTan kernel: hv_vmbus: Unknown GUID: c376c1c3-d276-48d2-90a9-c04748072c60
Aug 11 09:33:45 LiuZheTan kernel: hv_vmbus: Unknown GUID: 6e382d18-3336-4f4b-acc4-2b7703d4df4a
Aug 11 09:33:45 LiuZheTan kernel: hv_vmbus: Unknown GUID: dde9cbc0-5060-4436-9448-ea1254a5d177
Aug 11 09:33:45 LiuZheTan kernel: hv_vmbus: Unknown GUID: 6e382d18-3336-4f4b-acc4-2b7703d4df4a
Aug 11 09:33:45 LiuZheTan kernel: VFS: Disk quotas dquot_6.6.0
Aug 11 09:33:45 LiuZheTan kernel: VFS: Dquot-cache hash table entries: 512 (order 0, 4096 bytes)
Aug 11 09:33:45 LiuZheTan kernel: FS-Cache: Loaded
Aug 11 09:33:45 LiuZheTan kernel: pnp: PnP ACPI init
Aug 11 09:33:45 LiuZheTan kernel: pnp: PnP ACPI: found 1 devices
Aug 11 09:33:45 LiuZheTan kernel: NET: Registered PF_INET protocol family
Aug 11 09:33:45 LiuZheTan kernel: IP idents hash table entries: 131072 (order: 8, 1048576 bytes, linear)
Aug 11 09:33:45 LiuZheTan kernel: tcp_listen_portaddr_hash hash table entries: 4096 (order: 4, 65536 bytes, linear)
Aug 11 09:33:45 LiuZheTan kernel: Table-perturb hash table entries: 65536 (order: 6, 262144 bytes, linear)
Aug 11 09:33:45 LiuZheTan kernel: TCP established hash table entries: 65536 (order: 7, 524288 bytes, linear)
Aug 11 09:33:45 LiuZheTan kernel: TCP bind hash table entries: 65536 (order: 8, 1048576 bytes, linear)
Aug 11 09:33:45 LiuZheTan kernel: TCP: Hash tables configured (established 65536 bind 65536)
Aug 11 09:33:45 LiuZheTan kernel: UDP hash table entries: 4096 (order: 5, 131072 bytes, linear)
Aug 11 09:33:45 LiuZheTan kernel: UDP-Lite hash table entries: 4096 (order: 5, 131072 bytes, linear)
Aug 11 09:33:45 LiuZheTan kernel: NET: Registered PF_UNIX/PF_LOCAL protocol family
Aug 11 09:33:45 LiuZheTan kernel: RPC: Registered named UNIX socket transport module.
Aug 11 09:33:45 LiuZheTan kernel: RPC: Registered udp transport module.
Aug 11 09:33:45 LiuZheTan kernel: RPC: Registered tcp transport module.
Aug 11 09:33:45 LiuZheTan kernel: RPC: Registered tcp NFSv4.1 backchannel transport module.
Aug 11 09:33:45 LiuZheTan kernel: PCI: CLS 0 bytes, default 64
Aug 11 09:33:45 LiuZheTan kernel: PCI-DMA: Using software bounce buffering for IO (SWIOTLB)
Aug 11 09:33:45 LiuZheTan kernel: software IO TLB: mapped [mem 0x00000000f4000000-0x00000000f8000000] (64MB)
Aug 11 09:33:45 LiuZheTan kernel: KVM: vmx: using Hyper-V Enlightened VMCS
Aug 11 09:33:45 LiuZheTan kernel: Trying to unpack rootfs image as initramfs...
Aug 11 09:33:45 LiuZheTan kernel: Freeing initrd memory: 1936K
Aug 11 09:33:45 LiuZheTan kernel: kvm: already loaded the other module
Aug 11 09:33:45 LiuZheTan kernel: Initialise system trusted keyrings
Aug 11 09:33:45 LiuZheTan kernel: workingset: timestamp_bits=46 max_order=21 bucket_order=0
Aug 11 09:33:45 LiuZheTan kernel: squashfs: version 4.0 (2009/01/31) Phillip Lougher
Aug 11 09:33:45 LiuZheTan kernel: NFS: Registering the id_resolver key type
Aug 11 09:33:45 LiuZheTan kernel: Key type id_resolver registered
Aug 11 09:33:45 LiuZheTan kernel: Key type id_legacy registered
Aug 11 09:33:45 LiuZheTan kernel: nfs4filelayout_init: NFSv4 File Layout Driver Registering...
Aug 11 09:33:45 LiuZheTan kernel: nfs4flexfilelayout_init: NFSv4 Flexfile Layout Driver Registering...
Aug 11 09:33:45 LiuZheTan kernel: Installing knfsd (copyright (C) 1996 okir@monad.swb.de).
Aug 11 09:33:45 LiuZheTan kernel: Key type cifs.idmap registered
Aug 11 09:33:45 LiuZheTan kernel: fuse: init (API version 7.34)
Aug 11 09:33:45 LiuZheTan kernel: SGI XFS with ACLs, security attributes, realtime, scrub, repair, quota, no debug enabled
Aug 11 09:33:45 LiuZheTan kernel: 9p: Installing v9fs 9p2000 file system support
Aug 11 09:33:45 LiuZheTan kernel: FS-Cache: Netfs '9p' registered for caching
Aug 11 09:33:45 LiuZheTan kernel: FS-Cache: Netfs 'ceph' registered for caching
Aug 11 09:33:45 LiuZheTan kernel: ceph: loaded (mds proto 32)
Aug 11 09:33:45 LiuZheTan kernel: NET: Registered PF_ALG protocol family
Aug 11 09:33:45 LiuZheTan kernel: xor: automatically using best checksumming function   avx       
Aug 11 09:33:45 LiuZheTan kernel: Key type asymmetric registered
Aug 11 09:33:45 LiuZheTan kernel: Asymmetric key parser 'x509' registered
Aug 11 09:33:45 LiuZheTan kernel: Block layer SCSI generic (bsg) driver version 0.4 loaded (major 248)
Aug 11 09:33:45 LiuZheTan kernel: hv_vmbus: registering driver hv_pci
Aug 11 09:33:45 LiuZheTan kernel: hv_pci 17528fc2-71e1-4a87-a4b6-5c22acc93b35: PCI VMBus probing: Using version 0x10004
Aug 11 09:33:45 LiuZheTan kernel: hv_pci 17528fc2-71e1-4a87-a4b6-5c22acc93b35: PCI host bridge to bus 71e1:00
Aug 11 09:33:45 LiuZheTan kernel: pci_bus 71e1:00: root bus resource [mem 0x9ffe00000-0x9ffe02fff window]
Aug 11 09:33:45 LiuZheTan kernel: pci_bus 71e1:00: No busn resource found for root bus, will use [bus 00-ff]
Aug 11 09:33:45 LiuZheTan kernel: pci 71e1:00:00.0: [1af4:1043] type 00 class 0x010000
Aug 11 09:33:45 LiuZheTan kernel: pci 71e1:00:00.0: reg 0x10: [mem 0x9ffe00000-0x9ffe00fff 64bit]
Aug 11 09:33:45 LiuZheTan kernel: pci 71e1:00:00.0: reg 0x18: [mem 0x9ffe01000-0x9ffe01fff 64bit]
Aug 11 09:33:45 LiuZheTan kernel: pci 71e1:00:00.0: reg 0x20: [mem 0x9ffe02000-0x9ffe02fff 64bit]
Aug 11 09:33:45 LiuZheTan kernel: pci_bus 71e1:00: busn_res: [bus 00-ff] end is updated to 00
Aug 11 09:33:45 LiuZheTan kernel: pci 71e1:00:00.0: BAR 0: assigned [mem 0x9ffe00000-0x9ffe00fff 64bit]
Aug 11 09:33:45 LiuZheTan kernel: pci 71e1:00:00.0: BAR 2: assigned [mem 0x9ffe01000-0x9ffe01fff 64bit]
Aug 11 09:33:45 LiuZheTan kernel: pci 71e1:00:00.0: BAR 4: assigned [mem 0x9ffe02000-0x9ffe02fff 64bit]
Aug 11 09:33:45 LiuZheTan kernel: hv_pci d0453b61-59de-4f7f-8bce-d196b35cb8f5: PCI VMBus probing: Using version 0x10004
Aug 11 09:33:45 LiuZheTan kernel: hv_pci d0453b61-59de-4f7f-8bce-d196b35cb8f5: PCI host bridge to bus 59de:00
Aug 11 09:33:45 LiuZheTan kernel: pci_bus 59de:00: No busn resource found for root bus, will use [bus 00-ff]
Aug 11 09:33:45 LiuZheTan kernel: pci 59de:00:00.0: [1414:008e] type 00 class 0x030200
Aug 11 09:33:45 LiuZheTan kernel: pci_bus 59de:00: busn_res: [bus 00-ff] end is updated to 00
Aug 11 09:33:45 LiuZheTan kernel: hv_pci d7de90e0-d3d7-49aa-8470-ba42042f6ef1: PCI VMBus probing: Using version 0x10004
Aug 11 09:33:45 LiuZheTan kernel: hv_pci d7de90e0-d3d7-49aa-8470-ba42042f6ef1: PCI host bridge to bus d3d7:00
Aug 11 09:33:45 LiuZheTan kernel: pci_bus d3d7:00: No busn resource found for root bus, will use [bus 00-ff]
Aug 11 09:33:45 LiuZheTan kernel: pci d3d7:00:00.0: [1414:008e] type 00 class 0x030200
Aug 11 09:33:45 LiuZheTan kernel: pci_bus d3d7:00: busn_res: [bus 00-ff] end is updated to 00
Aug 11 09:33:45 LiuZheTan kernel: hv_pci 82661594-0936-4e92-a447-6d3860c6f0ce: PCI VMBus probing: Using version 0x10004
Aug 11 09:33:45 LiuZheTan kernel: hv_pci 82661594-0936-4e92-a447-6d3860c6f0ce: PCI host bridge to bus 0936:00
Aug 11 09:33:45 LiuZheTan kernel: pci_bus 0936:00: root bus resource [mem 0x9ffe04000-0x9ffe06fff window]
Aug 11 09:33:45 LiuZheTan kernel: pci_bus 0936:00: No busn resource found for root bus, will use [bus 00-ff]
Aug 11 09:33:45 LiuZheTan kernel: pci 0936:00:00.0: [1af4:1049] type 00 class 0x010000
Aug 11 09:33:45 LiuZheTan kernel: pci 0936:00:00.0: reg 0x10: [mem 0x9ffe04000-0x9ffe04fff 64bit]
Aug 11 09:33:45 LiuZheTan kernel: pci 0936:00:00.0: reg 0x18: [mem 0x9ffe05000-0x9ffe05fff 64bit]
Aug 11 09:33:45 LiuZheTan kernel: pci 0936:00:00.0: reg 0x20: [mem 0x9ffe06000-0x9ffe06fff 64bit]
Aug 11 09:33:45 LiuZheTan kernel: pci_bus 0936:00: busn_res: [bus 00-ff] end is updated to 00
Aug 11 09:33:45 LiuZheTan kernel: pci 0936:00:00.0: BAR 0: assigned [mem 0x9ffe04000-0x9ffe04fff 64bit]
Aug 11 09:33:45 LiuZheTan kernel: pci 0936:00:00.0: BAR 2: assigned [mem 0x9ffe05000-0x9ffe05fff 64bit]
Aug 11 09:33:45 LiuZheTan kernel: pci 0936:00:00.0: BAR 4: assigned [mem 0x9ffe06000-0x9ffe06fff 64bit]
Aug 11 09:33:45 LiuZheTan kernel: ACPI: AC: AC Adapter [AC1] (on-line)
Aug 11 09:33:45 LiuZheTan kernel: ACPI: battery: Slot [BAT1] (battery present)
Aug 11 09:33:45 LiuZheTan kernel: Serial: 8250/16550 driver, 4 ports, IRQ sharing disabled
Aug 11 09:33:45 LiuZheTan kernel: Non-volatile memory driver v1.3
Aug 11 09:33:45 LiuZheTan kernel: [drm] Initialized vgem 1.0.0 20120112 for vgem on minor 0
Aug 11 09:33:45 LiuZheTan kernel: printk: console [hvc0] enabled
Aug 11 09:33:45 LiuZheTan kernel: brd: module loaded
Aug 11 09:33:45 LiuZheTan kernel: loop: module loaded
Aug 11 09:33:45 LiuZheTan kernel: hv_vmbus: registering driver hv_storvsc
Aug 11 09:33:45 LiuZheTan kernel: wireguard: WireGuard 1.0.0 loaded. See www.wireguard.com for information.
Aug 11 09:33:45 LiuZheTan kernel: wireguard: Copyright (C) 2015-2019 Jason A. Donenfeld <Jason@zx2c4.com>. All Rights Reserved.
Aug 11 09:33:45 LiuZheTan kernel: tun: Universal TUN/TAP device driver, 1.6
Aug 11 09:33:45 LiuZheTan kernel: PPP generic driver version 2.4.2
Aug 11 09:33:45 LiuZheTan kernel: PPP BSD Compression module registered
Aug 11 09:33:45 LiuZheTan kernel: PPP Deflate Compression module registered
Aug 11 09:33:45 LiuZheTan kernel: scsi host0: storvsc_host_t
Aug 11 09:33:45 LiuZheTan kernel: PPP MPPE Compression module registered
Aug 11 09:33:45 LiuZheTan kernel: NET: Registered PF_PPPOX protocol family
Aug 11 09:33:45 LiuZheTan kernel: usbcore: registered new interface driver cdc_ether
Aug 11 09:33:45 LiuZheTan kernel: usbcore: registered new interface driver cdc_ncm
Aug 11 09:33:45 LiuZheTan kernel: usbcore: registered new interface driver r8153_ecm
Aug 11 09:33:45 LiuZheTan kernel: hv_vmbus: registering driver hv_netvsc
Aug 11 09:33:45 LiuZheTan kernel: VFIO - User Level meta-driver version: 0.3
Aug 11 09:33:45 LiuZheTan kernel: usbcore: registered new interface driver cdc_acm
Aug 11 09:33:45 LiuZheTan kernel: cdc_acm: USB Abstract Control Model driver for USB modems and ISDN adapters
Aug 11 09:33:45 LiuZheTan kernel: usbcore: registered new interface driver ch341
Aug 11 09:33:45 LiuZheTan kernel: usbserial: USB Serial support registered for ch341-uart
Aug 11 09:33:45 LiuZheTan kernel: usbcore: registered new interface driver cp210x
Aug 11 09:33:45 LiuZheTan kernel: usbserial: USB Serial support registered for cp210x
Aug 11 09:33:45 LiuZheTan kernel: usbcore: registered new interface driver ftdi_sio
Aug 11 09:33:45 LiuZheTan kernel: usbserial: USB Serial support registered for FTDI USB Serial Device
Aug 11 09:33:45 LiuZheTan kernel: vhci_hcd vhci_hcd.0: USB/IP Virtual Host Controller
Aug 11 09:33:45 LiuZheTan kernel: vhci_hcd vhci_hcd.0: new USB bus registered, assigned bus number 1
Aug 11 09:33:45 LiuZheTan kernel: vhci_hcd: created sysfs vhci_hcd.0
Aug 11 09:33:45 LiuZheTan kernel: usb usb1: New USB device found, idVendor=1d6b, idProduct=0002, bcdDevice= 5.15
Aug 11 09:33:45 LiuZheTan kernel: usb usb1: New USB device strings: Mfr=3, Product=2, SerialNumber=1
Aug 11 09:33:45 LiuZheTan kernel: usb usb1: Product: USB/IP Virtual Host Controller
Aug 11 09:33:45 LiuZheTan kernel: usb usb1: Manufacturer: Linux 5.15.90.1-microsoft-standard-WSL2 vhci_hcd
Aug 11 09:33:45 LiuZheTan kernel: usb usb1: SerialNumber: vhci_hcd.0
Aug 11 09:33:45 LiuZheTan kernel: hub 1-0:1.0: USB hub found
Aug 11 09:33:45 LiuZheTan kernel: hub 1-0:1.0: 8 ports detected
Aug 11 09:33:45 LiuZheTan kernel: vhci_hcd vhci_hcd.0: USB/IP Virtual Host Controller
Aug 11 09:33:45 LiuZheTan kernel: vhci_hcd vhci_hcd.0: new USB bus registered, assigned bus number 2
Aug 11 09:33:45 LiuZheTan kernel: usb usb2: We don't know the algorithms for LPM for this host, disabling LPM.
Aug 11 09:33:45 LiuZheTan kernel: usb usb2: New USB device found, idVendor=1d6b, idProduct=0003, bcdDevice= 5.15
Aug 11 09:33:45 LiuZheTan kernel: usb usb2: New USB device strings: Mfr=3, Product=2, SerialNumber=1
Aug 11 09:33:45 LiuZheTan kernel: usb usb2: Product: USB/IP Virtual Host Controller
Aug 11 09:33:45 LiuZheTan kernel: usb usb2: Manufacturer: Linux 5.15.90.1-microsoft-standard-WSL2 vhci_hcd
Aug 11 09:33:45 LiuZheTan kernel: usb usb2: SerialNumber: vhci_hcd.0
Aug 11 09:33:45 LiuZheTan kernel: hub 2-0:1.0: USB hub found
Aug 11 09:33:45 LiuZheTan kernel: hub 2-0:1.0: 8 ports detected
Aug 11 09:33:45 LiuZheTan kernel: hv_vmbus: registering driver hyperv_keyboard
Aug 11 09:33:45 LiuZheTan kernel: rtc_cmos 00:00: RTC can wake from S4
Aug 11 09:33:45 LiuZheTan kernel: rtc_cmos 00:00: registered as rtc0
Aug 11 09:33:45 LiuZheTan kernel: rtc_cmos 00:00: setting system clock to 2023-08-11T01:33:41 UTC (1691717621)
Aug 11 09:33:45 LiuZheTan kernel: rtc_cmos 00:00: alarms up to one month, 114 bytes nvram
Aug 11 09:33:45 LiuZheTan kernel: device-mapper: ioctl: 4.45.0-ioctl (2021-03-22) initialised: dm-devel@redhat.com
Aug 11 09:33:45 LiuZheTan kernel: device-mapper: raid: Loading target version 1.15.1
Aug 11 09:33:45 LiuZheTan kernel: usbcore: registered new interface driver usbhid
Aug 11 09:33:45 LiuZheTan kernel: usbhid: USB HID core driver
Aug 11 09:33:45 LiuZheTan kernel: hv_utils: Registering HyperV Utility Driver
Aug 11 09:33:45 LiuZheTan kernel: hv_vmbus: registering driver hv_utils
Aug 11 09:33:45 LiuZheTan kernel: hv_vmbus: registering driver hv_balloon
Aug 11 09:33:45 LiuZheTan kernel: hv_vmbus: registering driver dxgkrnl
Aug 11 09:33:45 LiuZheTan kernel: hv_utils: TimeSync IC version 4.0
Aug 11 09:33:45 LiuZheTan kernel: hv_balloon: Using Dynamic Memory protocol version 2.0
Aug 11 09:33:45 LiuZheTan kernel: drop_monitor: Initializing network drop monitor service
Aug 11 09:33:45 LiuZheTan kernel: Mirror/redirect action on
Aug 11 09:33:45 LiuZheTan kernel: u32 classifier
Aug 11 09:33:45 LiuZheTan kernel:     Performance counters on
Aug 11 09:33:45 LiuZheTan kernel: Free page reporting enabled
Aug 11 09:33:45 LiuZheTan kernel:     input device check on
Aug 11 09:33:45 LiuZheTan kernel: hv_balloon: Cold memory discard hint enabled with order 9
Aug 11 09:33:45 LiuZheTan kernel:     Actions configured
Aug 11 09:33:45 LiuZheTan kernel: IPVS: Registered protocols (TCP, UDP)
Aug 11 09:33:45 LiuZheTan kernel: IPVS: Connection hash table configured (size=4096, memory=32Kbytes)
Aug 11 09:33:45 LiuZheTan kernel: IPVS: ipvs loaded.
Aug 11 09:33:45 LiuZheTan kernel: IPVS: [rr] scheduler registered.
Aug 11 09:33:45 LiuZheTan kernel: IPVS: [wrr] scheduler registered.
Aug 11 09:33:45 LiuZheTan kernel: IPVS: [sh] scheduler registered.
Aug 11 09:33:45 LiuZheTan kernel: ipip: IPv4 and MPLS over IPv4 tunneling driver
Aug 11 09:33:45 LiuZheTan kernel: ipt_CLUSTERIP: ClusterIP Version 0.8 loaded successfully
Aug 11 09:33:45 LiuZheTan kernel: Initializing XFRM netlink socket
Aug 11 09:33:45 LiuZheTan kernel: NET: Registered PF_INET6 protocol family
Aug 11 09:33:45 LiuZheTan kernel: Segment Routing with IPv6
Aug 11 09:33:45 LiuZheTan kernel: In-situ OAM (IOAM) with IPv6
Aug 11 09:33:45 LiuZheTan kernel: sit: IPv6, IPv4 and MPLS over IPv4 tunneling driver
Aug 11 09:33:45 LiuZheTan kernel: NET: Registered PF_PACKET protocol family
Aug 11 09:33:45 LiuZheTan kernel: Bridge firewalling registered
Aug 11 09:33:45 LiuZheTan kernel: 8021q: 802.1Q VLAN Support v1.8
Aug 11 09:33:45 LiuZheTan kernel: sctp: Hash tables configured (bind 256/256)
Aug 11 09:33:45 LiuZheTan kernel: 9pnet: Installing 9P2000 support
Aug 11 09:33:45 LiuZheTan kernel: Key type dns_resolver registered
Aug 11 09:33:45 LiuZheTan kernel: Key type ceph registered
Aug 11 09:33:45 LiuZheTan kernel: libceph: loaded (mon/osd proto 15/24)
Aug 11 09:33:45 LiuZheTan kernel: NET: Registered PF_VSOCK protocol family
Aug 11 09:33:45 LiuZheTan kernel: hv_vmbus: registering driver hv_sock
Aug 11 09:33:45 LiuZheTan kernel: IPI shorthand broadcast: enabled
Aug 11 09:33:45 LiuZheTan kernel: sched_clock: Marking stable (320983548, 2888800)->(335496900, -11624552)
Aug 11 09:33:45 LiuZheTan kernel: registered taskstats version 1
Aug 11 09:33:45 LiuZheTan kernel: Loading compiled-in X.509 certificates
Aug 11 09:33:45 LiuZheTan kernel: Btrfs loaded, crc32c=crc32c-generic, zoned=no, fsverity=no
Aug 11 09:33:45 LiuZheTan kernel: Freeing unused kernel image (initmem) memory: 2008K
Aug 11 09:33:45 LiuZheTan kernel: Write protecting the kernel read-only data: 30720k
Aug 11 09:33:45 LiuZheTan kernel: Freeing unused kernel image (text/rodata gap) memory: 2024K
Aug 11 09:33:45 LiuZheTan kernel: Freeing unused kernel image (rodata/data gap) memory: 464K
Aug 11 09:33:45 LiuZheTan kernel: Run /init as init process
Aug 11 09:33:45 LiuZheTan kernel:   with arguments:
Aug 11 09:33:45 LiuZheTan kernel:     /init
Aug 11 09:33:45 LiuZheTan kernel:   with environment:
Aug 11 09:33:45 LiuZheTan kernel:     HOME=/
Aug 11 09:33:45 LiuZheTan kernel:     TERM=linux
Aug 11 09:33:45 LiuZheTan kernel:     WSL_ROOT_INIT=1
Aug 11 09:33:45 LiuZheTan kernel: scsi 0:0:0:0: Direct-Access     Msft     Virtual Disk     1.0  PQ: 0 ANSI: 5
Aug 11 09:33:45 LiuZheTan kernel: sd 0:0:0:0: Attached scsi generic sg0 type 0
Aug 11 09:33:45 LiuZheTan kernel: sd 0:0:0:0: [sda] 744080 512-byte logical blocks: (381 MB/363 MiB)
Aug 11 09:33:45 LiuZheTan kernel: sd 0:0:0:0: [sda] Write Protect is on
Aug 11 09:33:45 LiuZheTan kernel: sd 0:0:0:0: [sda] Mode Sense: 0f 00 80 00
Aug 11 09:33:45 LiuZheTan kernel: sd 0:0:0:0: [sda] Write cache: disabled, read cache: enabled, doesn't support DPO or FUA
Aug 11 09:33:45 LiuZheTan kernel: EXT4-fs (sda): mounted filesystem without journal. Opts: (null). Quota mode: none.
Aug 11 09:33:45 LiuZheTan kernel: sd 0:0:0:0: [sda] Attached SCSI disk
Aug 11 09:33:45 LiuZheTan kernel: IPv6: ADDRCONF(NETDEV_CHANGE): eth0: link becomes ready
Aug 11 09:33:45 LiuZheTan kernel: hv_pci 87dc0908-472c-4f4f-a988-931c60b28f62: PCI VMBus probing: Using version 0x10004
Aug 11 09:33:45 LiuZheTan kernel: hv_pci 87dc0908-472c-4f4f-a988-931c60b28f62: PCI host bridge to bus 472c:00
Aug 11 09:33:45 LiuZheTan kernel: pci_bus 472c:00: root bus resource [mem 0xc00000000-0xe00001fff window]
Aug 11 09:33:45 LiuZheTan kernel: pci_bus 472c:00: No busn resource found for root bus, will use [bus 00-ff]
Aug 11 09:33:45 LiuZheTan kernel: pci 472c:00:00.0: [1af4:105a] type 00 class 0x088000
Aug 11 09:33:45 LiuZheTan kernel: pci 472c:00:00.0: reg 0x10: [mem 0xe00000000-0xe00000fff 64bit]
Aug 11 09:33:45 LiuZheTan kernel: pci 472c:00:00.0: reg 0x18: [mem 0xe00001000-0xe00001fff 64bit]
Aug 11 09:33:45 LiuZheTan kernel: pci 472c:00:00.0: reg 0x20: [mem 0xc00000000-0xdffffffff 64bit]
Aug 11 09:33:45 LiuZheTan kernel: pci_bus 472c:00: busn_res: [bus 00-ff] end is updated to 00
Aug 11 09:33:45 LiuZheTan kernel: pci 472c:00:00.0: BAR 4: assigned [mem 0xc00000000-0xdffffffff 64bit]
Aug 11 09:33:45 LiuZheTan kernel: pci 472c:00:00.0: BAR 0: assigned [mem 0xe00000000-0xe00000fff 64bit]
Aug 11 09:33:45 LiuZheTan kernel: pci 472c:00:00.0: BAR 2: assigned [mem 0xe00001000-0xe00001fff 64bit]
Aug 11 09:33:45 LiuZheTan kernel: virtiofs virtio2: Cache len: 0x200000000 @ 0xc00000000
Aug 11 09:33:45 LiuZheTan kernel: memmap_init_zone_device initialised 2097152 pages in 10ms
Aug 11 09:33:45 LiuZheTan kernel: clocksource: tsc: mask: 0xffffffffffffffff max_cycles: 0x2b2c8ec87c7, max_idle_ns: 440795278598 ns
Aug 11 09:33:45 LiuZheTan kernel: clocksource: Switched to clocksource tsc
Aug 11 09:33:45 LiuZheTan kernel: FS-Cache: Duplicate cookie detected
Aug 11 09:33:45 LiuZheTan kernel: FS-Cache: O-cookie c=00000004 [p=00000002 fl=222 nc=0 na=1]
Aug 11 09:33:45 LiuZheTan kernel: FS-Cache: O-cookie d=00000000711188a1{9P.session} n=00000000ea792a0a
Aug 11 09:33:45 LiuZheTan kernel: FS-Cache: O-key=[10] '34323934393337343136'
Aug 11 09:33:45 LiuZheTan kernel: FS-Cache: N-cookie c=00000005 [p=00000002 fl=2 nc=0 na=1]
Aug 11 09:33:45 LiuZheTan kernel: FS-Cache: N-cookie d=00000000711188a1{9P.session} n=00000000c39e9854
Aug 11 09:33:45 LiuZheTan kernel: FS-Cache: N-key=[10] '34323934393337343136'
Aug 11 09:33:45 LiuZheTan kernel: scsi 0:0:0:1: Direct-Access     Msft     Virtual Disk     1.0  PQ: 0 ANSI: 5
Aug 11 09:33:45 LiuZheTan kernel: sd 0:0:0:1: Attached scsi generic sg1 type 0
Aug 11 09:33:45 LiuZheTan kernel: scsi 0:0:0:2: Direct-Access     Msft     Virtual Disk     1.0  PQ: 0 ANSI: 5
Aug 11 09:33:45 LiuZheTan kernel: sd 0:0:0:1: [sdb] 4194312 512-byte logical blocks: (2.15 GB/2.00 GiB)
Aug 11 09:33:45 LiuZheTan kernel: sd 0:0:0:2: Attached scsi generic sg2 type 0
Aug 11 09:33:45 LiuZheTan kernel: sd 0:0:0:1: [sdb] 4096-byte physical blocks
Aug 11 09:33:45 LiuZheTan kernel: sd 0:0:0:2: [sdc] 2147483648 512-byte logical blocks: (1.10 TB/1.00 TiB)
Aug 11 09:33:45 LiuZheTan kernel: sd 0:0:0:1: [sdb] Write Protect is off
Aug 11 09:33:45 LiuZheTan kernel: sd 0:0:0:2: [sdc] 4096-byte physical blocks
Aug 11 09:33:45 LiuZheTan kernel: sd 0:0:0:2: [sdc] Write Protect is off
Aug 11 09:33:45 LiuZheTan kernel: sd 0:0:0:1: [sdb] Mode Sense: 0f 00 00 00
Aug 11 09:33:45 LiuZheTan kernel: sd 0:0:0:1: [sdb] Write cache: enabled, read cache: enabled, doesn't support DPO or FUA
Aug 11 09:33:45 LiuZheTan kernel: sd 0:0:0:2: [sdc] Mode Sense: 0f 00 00 00
Aug 11 09:33:45 LiuZheTan kernel: sd 0:0:0:2: [sdc] Write cache: enabled, read cache: enabled, doesn't support DPO or FUA
Aug 11 09:33:45 LiuZheTan kernel: sd 0:0:0:1: [sdb] Attached SCSI disk
Aug 11 09:33:45 LiuZheTan kernel: sd 0:0:0:2: [sdc] Attached SCSI disk
Aug 11 09:33:45 LiuZheTan kernel: Adding 2097152k swap on /dev/sdb.  Priority:-2 extents:1 across:2097152k 
Aug 11 09:33:45 LiuZheTan kernel: EXT4-fs (sdc): recovery complete
Aug 11 09:33:45 LiuZheTan kernel: EXT4-fs (sdc): mounted filesystem with ordered data mode. Opts: discard,errors=remount-ro,data=ordered. Quota mode: none.
Aug 11 09:33:45 LiuZheTan /sbin/ldconfig: 
Aug 11 09:33:45 LiuZheTan unknown: /usr/lib/wsl/lib/libcuda.so.1 is not a symbolic link
Aug 11 09:33:45 LiuZheTan unknown: 
Aug 11 09:33:45 LiuZheTan kernel: hv_pci 034e6d2c-2b4f-47dc-9a88-57c9162427b6: PCI VMBus probing: Using version 0x10004
Aug 11 09:33:45 LiuZheTan kernel: 9pnet_virtio: no channels available for device drvfs
Aug 11 09:33:45 LiuZheTan kernel: hv_pci 034e6d2c-2b4f-47dc-9a88-57c9162427b6: PCI host bridge to bus 2b4f:00
Aug 11 09:33:45 LiuZheTan unknown: WSL (1) WARNING: mount: waiting for virtio device drvfs
Aug 11 09:33:45 LiuZheTan kernel: pci_bus 2b4f:00: root bus resource [mem 0x9ffe08000-0x9ffe0afff window]
Aug 11 09:33:45 LiuZheTan kernel: pci_bus 2b4f:00: No busn resource found for root bus, will use [bus 00-ff]
Aug 11 09:33:45 LiuZheTan kernel: pci 2b4f:00:00.0: [1af4:1049] type 00 class 0x010000
Aug 11 09:33:45 LiuZheTan kernel: pci 2b4f:00:00.0: reg 0x10: [mem 0x9ffe08000-0x9ffe08fff 64bit]
Aug 11 09:33:45 LiuZheTan kernel: pci 2b4f:00:00.0: reg 0x18: [mem 0x9ffe09000-0x9ffe09fff 64bit]
Aug 11 09:33:45 LiuZheTan kernel: pci 2b4f:00:00.0: reg 0x20: [mem 0x9ffe0a000-0x9ffe0afff 64bit]
Aug 11 09:33:45 LiuZheTan kernel: pci_bus 2b4f:00: busn_res: [bus 00-ff] end is updated to 00
Aug 11 09:33:45 LiuZheTan kernel: pci 2b4f:00:00.0: BAR 0: assigned [mem 0x9ffe08000-0x9ffe08fff 64bit]
Aug 11 09:33:45 LiuZheTan kernel: pci 2b4f:00:00.0: BAR 2: assigned [mem 0x9ffe09000-0x9ffe09fff 64bit]
Aug 11 09:33:45 LiuZheTan kernel: pci 2b4f:00:00.0: BAR 4: assigned [mem 0x9ffe0a000-0x9ffe0afff 64bit]
Aug 11 09:33:45 LiuZheTan kernel: hv_pci d43d7488-f80e-47f0-9cfd-f4f54daabff2: PCI VMBus probing: Using version 0x10004
Aug 11 09:33:45 LiuZheTan kernel: hv_pci d43d7488-f80e-47f0-9cfd-f4f54daabff2: PCI host bridge to bus f80e:00
Aug 11 09:33:45 LiuZheTan kernel: pci_bus f80e:00: root bus resource [mem 0x9ffe0c000-0x9ffe0efff window]
Aug 11 09:33:45 LiuZheTan kernel: pci_bus f80e:00: No busn resource found for root bus, will use [bus 00-ff]
Aug 11 09:33:45 LiuZheTan kernel: pci f80e:00:00.0: [1af4:1049] type 00 class 0x010000
Aug 11 09:33:45 LiuZheTan kernel: pci f80e:00:00.0: reg 0x10: [mem 0x9ffe0c000-0x9ffe0cfff 64bit]
Aug 11 09:33:45 LiuZheTan kernel: pci f80e:00:00.0: reg 0x18: [mem 0x9ffe0d000-0x9ffe0dfff 64bit]
Aug 11 09:33:45 LiuZheTan kernel: pci f80e:00:00.0: reg 0x20: [mem 0x9ffe0e000-0x9ffe0efff 64bit]
Aug 11 09:33:45 LiuZheTan kernel: pci_bus f80e:00: busn_res: [bus 00-ff] end is updated to 00
Aug 11 09:33:45 LiuZheTan kernel: pci f80e:00:00.0: BAR 0: assigned [mem 0x9ffe0c000-0x9ffe0cfff 64bit]
Aug 11 09:33:45 LiuZheTan kernel: pci f80e:00:00.0: BAR 2: assigned [mem 0x9ffe0d000-0x9ffe0dfff 64bit]
Aug 11 09:33:45 LiuZheTan kernel: pci f80e:00:00.0: BAR 4: assigned [mem 0x9ffe0e000-0x9ffe0efff 64bit]
Aug 11 09:33:45 LiuZheTan /sbin/ldconfig.real: 
Aug 11 09:33:45 LiuZheTan unknown: /usr/lib/wsl/lib/libcuda.so.1 is not a symbolic link
Aug 11 09:33:45 LiuZheTan unknown: 
Aug 11 09:33:45 LiuZheTan kernel: hv_pci 216e4e9e-258f-44cb-a8c1-f0c8453286b5: PCI VMBus probing: Using version 0x10004
Aug 11 09:33:45 LiuZheTan kernel: 9pnet_virtio: no channels available for device drvfs
Aug 11 09:33:45 LiuZheTan unknown: WSL (1) WARNING: mount: waiting for virtio device drvfs
Aug 11 09:33:45 LiuZheTan kernel: hv_pci 216e4e9e-258f-44cb-a8c1-f0c8453286b5: PCI host bridge to bus 258f:00
Aug 11 09:33:45 LiuZheTan kernel: pci_bus 258f:00: root bus resource [mem 0xbffe10000-0xbffe12fff window]
Aug 11 09:33:45 LiuZheTan kernel: pci_bus 258f:00: No busn resource found for root bus, will use [bus 00-ff]
Aug 11 09:33:45 LiuZheTan kernel: pci 258f:00:00.0: [1af4:1049] type 00 class 0x010000
Aug 11 09:33:45 LiuZheTan kernel: pci 258f:00:00.0: reg 0x10: [mem 0xbffe10000-0xbffe10fff 64bit]
Aug 11 09:33:45 LiuZheTan kernel: pci 258f:00:00.0: reg 0x18: [mem 0xbffe11000-0xbffe11fff 64bit]
Aug 11 09:33:45 LiuZheTan kernel: pci 258f:00:00.0: reg 0x20: [mem 0xbffe12000-0xbffe12fff 64bit]
Aug 11 09:33:45 LiuZheTan kernel: pci_bus 258f:00: busn_res: [bus 00-ff] end is updated to 00
Aug 11 09:33:45 LiuZheTan kernel: pci 258f:00:00.0: BAR 0: assigned [mem 0xbffe10000-0xbffe10fff 64bit]
Aug 11 09:33:45 LiuZheTan kernel: pci 258f:00:00.0: BAR 2: assigned [mem 0xbffe11000-0xbffe11fff 64bit]
Aug 11 09:33:45 LiuZheTan kernel: pci 258f:00:00.0: BAR 4: assigned [mem 0xbffe12000-0xbffe12fff 64bit]
Aug 11 09:33:45 LiuZheTan kernel: misc dxg: dxgk: dxgkio_query_adapter_info: Ioctl failed: -22
Aug 11 09:33:45 LiuZheTan kernel: misc dxg: dxgk: dxgkio_query_adapter_info: Ioctl failed: -22
Aug 11 09:33:45 LiuZheTan kernel: misc dxg: dxgk: dxgkio_query_adapter_info: Ioctl failed: -22
Aug 11 09:33:45 LiuZheTan kernel: misc dxg: dxgk: dxgkio_query_adapter_info: Ioctl failed: -2
Aug 11 09:33:45 LiuZheTan kernel: misc dxg: dxgk: dxgkio_query_adapter_info: Ioctl failed: -22
Aug 11 09:33:45 LiuZheTan kernel: misc dxg: dxgk: dxgkio_query_adapter_info: Ioctl failed: -22
Aug 11 09:33:45 LiuZheTan kernel: misc dxg: dxgk: dxgkio_query_adapter_info: Ioctl failed: -22
Aug 11 09:33:45 LiuZheTan kernel: misc dxg: dxgk: dxgkio_query_adapter_info: Ioctl failed: -2
Aug 11 09:33:45 LiuZheTan kernel: hv_pci 7f64b9f7-1f44-486f-9d06-266d7c1596e7: PCI VMBus probing: Using version 0x10004
Aug 11 09:33:45 LiuZheTan kernel: hv_pci 7f64b9f7-1f44-486f-9d06-266d7c1596e7: PCI host bridge to bus 1f44:00
Aug 11 09:33:45 LiuZheTan kernel: pci_bus 1f44:00: root bus resource [mem 0xbffe14000-0xbffe16fff window]
Aug 11 09:33:45 LiuZheTan kernel: pci_bus 1f44:00: No busn resource found for root bus, will use [bus 00-ff]
Aug 11 09:33:45 LiuZheTan kernel: pci 1f44:00:00.0: [1af4:1049] type 00 class 0x010000
Aug 11 09:33:45 LiuZheTan kernel: pci 1f44:00:00.0: reg 0x10: [mem 0xbffe14000-0xbffe14fff 64bit]
Aug 11 09:33:45 LiuZheTan kernel: pci 1f44:00:00.0: reg 0x18: [mem 0xbffe15000-0xbffe15fff 64bit]
Aug 11 09:33:45 LiuZheTan kernel: pci 1f44:00:00.0: reg 0x20: [mem 0xbffe16000-0xbffe16fff 64bit]
Aug 11 09:33:45 LiuZheTan kernel: pci_bus 1f44:00: busn_res: [bus 00-ff] end is updated to 00
Aug 11 09:33:45 LiuZheTan kernel: pci 1f44:00:00.0: BAR 0: assigned [mem 0xbffe14000-0xbffe14fff 64bit]
Aug 11 09:33:45 LiuZheTan kernel: pci 1f44:00:00.0: BAR 2: assigned [mem 0xbffe15000-0xbffe15fff 64bit]
Aug 11 09:33:45 LiuZheTan kernel: pci 1f44:00:00.0: BAR 4: assigned [mem 0xbffe16000-0xbffe16fff 64bit]
Aug 11 09:33:45 LiuZheTan systemd-journald[70]: Journal started
Aug 11 09:33:45 LiuZheTan systemd-journald[70]: Runtime Journal (/run/log/journal/54a466b09b845b4dc9cb401c643bc526) is 8.0M, max 387.8M, 379.8M free.
Aug 11 09:33:45 LiuZheTan systemd-sysctl[88]: Couldn't write '176' to 'kernel/sysrq', ignoring: No such file or directory
Aug 11 09:33:45 LiuZheTan systemd-sysctl[88]: Couldn't write '1' to 'kernel/yama/ptrace_scope', ignoring: No such file or directory
Aug 11 09:33:45 LiuZheTan systemd-sysctl[88]: Couldn't write '1' to 'kernel/unprivileged_userns_clone', ignoring: No such file or directory
Aug 11 09:33:45 LiuZheTan systemd[1]: Starting Flush Journal to Persistent Storage...
Aug 11 09:33:45 LiuZheTan systemd-journald[70]: Time spent on flushing to /var/log/journal/54a466b09b845b4dc9cb401c643bc526 is 30.217ms for 502 entries.
Aug 11 09:33:45 LiuZheTan systemd-journald[70]: System Journal (/var/log/journal/54a466b09b845b4dc9cb401c643bc526) is 88.0M, max 4.0G, 3.9G free.
Aug 11 09:33:45 LiuZheTan systemd[1]: Finished Create Static Device Nodes in /dev.
Aug 11 09:33:45 LiuZheTan systemd[1]: Starting Rule-based Manager for Device Events and Files...
Aug 11 09:33:45 LiuZheTan systemd[1]: Finished Set the console keyboard layout.
Aug 11 09:33:45 LiuZheTan systemd[1]: Reached target Preparation for Local File Systems.
Aug 11 09:33:45 LiuZheTan systemd[1]: snap.mount: Directory /snap to mount over is not empty, mounting anyway.
Aug 11 09:33:45 LiuZheTan systemd[1]: Mounting Ensure that the snap directory shares mount events....
Aug 11 09:33:45 LiuZheTan systemd[1]: Mounted Ensure that the snap directory shares mount events..
Aug 11 09:33:45 LiuZheTan systemd[1]: Mounting Mount unit for bare, revision 5...
Aug 11 09:33:45 LiuZheTan systemd[1]: Mounting Mount unit for core20, revision 1778...
Aug 11 09:33:45 LiuZheTan systemd[1]: Mounting Mount unit for core20, revision 1974...
Aug 11 09:33:45 LiuZheTan systemd[1]: Mounting Mount unit for core22, revision 858...
Aug 11 09:33:45 LiuZheTan systemd[1]: Mounting Mount unit for gtk-common-themes, revision 1535...
Aug 11 09:33:45 LiuZheTan systemd[1]: Mounting Mount unit for snapd, revision 17883...
Aug 11 09:33:45 LiuZheTan systemd[1]: Mounting Mount unit for snapd, revision 19457...
Aug 11 09:33:45 LiuZheTan systemd[1]: Mounting Mount unit for ubuntu-desktop-installer, revision 1195...
Aug 11 09:33:45 LiuZheTan systemd[1]: Mounting Mount unit for ubuntu-desktop-installer, revision 1198...
Aug 11 09:33:45 LiuZheTan systemd[1]: Finished Coldplug All udev Devices.
Aug 11 09:33:45 LiuZheTan qemu-kvm-init[144]: modprobe: FATAL: Module kvm_intel not found in directory /lib/modules/5.15.90.1-microsoft-standard-WSL2
Aug 11 09:33:45 LiuZheTan systemd[1]: Mounted Mount unit for bare, revision 5.
Aug 11 09:33:45 LiuZheTan qemu-kvm-init[148]: mknod: /dev/kvm: File exists
Aug 11 09:33:45 LiuZheTan systemd[1]: Mounted Mount unit for core20, revision 1778.
Aug 11 09:33:45 LiuZheTan systemd[1]: Mounted Mount unit for core20, revision 1974.
Aug 11 09:33:45 LiuZheTan systemd[1]: Mounted Mount unit for core22, revision 858.
Aug 11 09:33:45 LiuZheTan systemd[1]: Mounted Mount unit for gtk-common-themes, revision 1535.
Aug 11 09:33:45 LiuZheTan systemd[1]: Mounted Mount unit for snapd, revision 17883.
Aug 11 09:33:45 LiuZheTan systemd[1]: Mounted Mount unit for snapd, revision 19457.
Aug 11 09:33:45 LiuZheTan systemd[1]: Mounted Mount unit for ubuntu-desktop-installer, revision 1195.
Aug 11 09:33:45 LiuZheTan systemd[1]: Mounted Mount unit for ubuntu-desktop-installer, revision 1198.
Aug 11 09:33:45 LiuZheTan systemd[1]: Reached target Mounted snaps.
Aug 11 09:33:45 LiuZheTan systemd[1]: Reached target Local File Systems.
Aug 11 09:33:45 LiuZheTan systemd[1]: Condition check resulted in Load AppArmor profiles being skipped.
Aug 11 09:33:45 LiuZheTan systemd[1]: Starting Enable support for additional executable binary formats...
Aug 11 09:33:45 LiuZheTan systemd[1]: Starting Set console font and keymap...
Aug 11 09:33:45 LiuZheTan systemd[1]: Starting Tell Plymouth To Write Out Runtime Data...
Aug 11 09:33:45 LiuZheTan systemd[1]: Starting QEMU KVM preparation - module, ksm, hugepages...
Aug 11 09:33:45 LiuZheTan systemd[1]: Condition check resulted in Load AppArmor profiles managed internally by snapd being skipped.
Aug 11 09:33:45 LiuZheTan systemd[1]: Condition check resulted in Store a System Token in an EFI Variable being skipped.
Aug 11 09:33:45 LiuZheTan systemd[1]: Condition check resulted in Commit a transient machine-id on disk being skipped.
Aug 11 09:33:45 LiuZheTan systemd[1]: Starting Uncomplicated firewall...
Aug 11 09:33:45 LiuZheTan systemd[1]: Finished Set console font and keymap.
Aug 11 09:33:45 LiuZheTan systemd[1]: proc-sys-fs-binfmt_misc.automount: Got automount request for /proc/sys/fs/binfmt_misc, triggered by 135 (update-binfmts)
Aug 11 09:33:45 LiuZheTan systemd[1]: proc-sys-fs-binfmt_misc.automount: Got automount request for /proc/sys/fs/binfmt_misc, triggered by 135 (update-binfmts)
Aug 11 09:33:45 LiuZheTan systemd[1]: proc-sys-fs-binfmt_misc.automount: Got automount request for /proc/sys/fs/binfmt_misc, triggered by 135 (update-binfmts)
Aug 11 09:33:45 LiuZheTan systemd[1]: proc-sys-fs-binfmt_misc.automount: Got automount request for /proc/sys/fs/binfmt_misc, triggered by 135 (update-binfmts)
Aug 11 09:33:45 LiuZheTan systemd[1]: proc-sys-fs-binfmt_misc.automount: Got automount request for /proc/sys/fs/binfmt_misc, triggered by 135 (update-binfmts)
Aug 11 09:33:45 LiuZheTan systemd[1]: proc-sys-fs-binfmt_misc.automount: Got automount request for /proc/sys/fs/binfmt_misc, triggered by 135 (update-binfmts)
Aug 11 09:33:45 LiuZheTan systemd[1]: proc-sys-fs-binfmt_misc.automount: Got automount request for /proc/sys/fs/binfmt_misc, triggered by 135 (update-binfmts)
Aug 11 09:33:45 LiuZheTan systemd[1]: proc-sys-fs-binfmt_misc.automount: Got automount request for /proc/sys/fs/binfmt_misc, triggered by 135 (update-binfmts)
Aug 11 09:33:45 LiuZheTan systemd[1]: proc-sys-fs-binfmt_misc.automount: Got automount request for /proc/sys/fs/binfmt_misc, triggered by 135 (update-binfmts)
Aug 11 09:33:45 LiuZheTan systemd[1]: proc-sys-fs-binfmt_misc.automount: Got automount request for /proc/sys/fs/binfmt_misc, triggered by 135 (update-binfmts)
Aug 11 09:33:45 LiuZheTan systemd[1]: proc-sys-fs-binfmt_misc.automount: Got automount request for /proc/sys/fs/binfmt_misc, triggered by 135 (update-binfmts)
Aug 11 09:33:45 LiuZheTan systemd[1]: Finished Uncomplicated firewall.
Aug 11 09:33:45 LiuZheTan systemd[1]: Reached target Preparation for Network.
Aug 11 09:33:45 LiuZheTan systemd[1]: Reached target Network.
Aug 11 09:33:45 LiuZheTan systemd[1]: proc-sys-fs-binfmt_misc.automount: Got automount request for /proc/sys/fs/binfmt_misc, triggered by 135 (update-binfmts)
Aug 11 09:33:45 LiuZheTan systemd[1]: proc-sys-fs-binfmt_misc.automount: Got automount request for /proc/sys/fs/binfmt_misc, triggered by 135 (update-binfmts)
Aug 11 09:33:45 LiuZheTan systemd[1]: proc-sys-fs-binfmt_misc.automount: Got automount request for /proc/sys/fs/binfmt_misc, triggered by 135 (update-binfmts)
Aug 11 09:33:45 LiuZheTan systemd[1]: proc-sys-fs-binfmt_misc.automount: Got automount request for /proc/sys/fs/binfmt_misc, triggered by 135 (update-binfmts)
Aug 11 09:33:45 LiuZheTan systemd[1]: proc-sys-fs-binfmt_misc.automount: Got automount request for /proc/sys/fs/binfmt_misc, triggered by 135 (update-binfmts)
Aug 11 09:33:45 LiuZheTan systemd[1]: proc-sys-fs-binfmt_misc.automount: Got automount request for /proc/sys/fs/binfmt_misc, triggered by 135 (update-binfmts)
Aug 11 09:33:45 LiuZheTan systemd[1]: proc-sys-fs-binfmt_misc.automount: Got automount request for /proc/sys/fs/binfmt_misc, triggered by 135 (update-binfmts)
Aug 11 09:33:45 LiuZheTan systemd[1]: proc-sys-fs-binfmt_misc.automount: Got automount request for /proc/sys/fs/binfmt_misc, triggered by 135 (update-binfmts)
Aug 11 09:33:45 LiuZheTan systemd[1]: proc-sys-fs-binfmt_misc.automount: Got automount request for /proc/sys/fs/binfmt_misc, triggered by 135 (update-binfmts)
Aug 11 09:33:45 LiuZheTan systemd[1]: proc-sys-fs-binfmt_misc.automount: Got automount request for /proc/sys/fs/binfmt_misc, triggered by 135 (update-binfmts)
Aug 11 09:33:45 LiuZheTan systemd[1]: proc-sys-fs-binfmt_misc.automount: Got automount request for /proc/sys/fs/binfmt_misc, triggered by 135 (update-binfmts)
Aug 11 09:33:45 LiuZheTan systemd[1]: proc-sys-fs-binfmt_misc.automount: Got automount request for /proc/sys/fs/binfmt_misc, triggered by 135 (update-binfmts)
Aug 11 09:33:45 LiuZheTan systemd[1]: proc-sys-fs-binfmt_misc.automount: Got automount request for /proc/sys/fs/binfmt_misc, triggered by 135 (update-binfmts)
Aug 11 09:33:45 LiuZheTan systemd[1]: proc-sys-fs-binfmt_misc.automount: Got automount request for /proc/sys/fs/binfmt_misc, triggered by 135 (update-binfmts)
Aug 11 09:33:45 LiuZheTan systemd[1]: proc-sys-fs-binfmt_misc.automount: Got automount request for /proc/sys/fs/binfmt_misc, triggered by 135 (update-binfmts)
Aug 11 09:33:45 LiuZheTan systemd[1]: proc-sys-fs-binfmt_misc.automount: Got automount request for /proc/sys/fs/binfmt_misc, triggered by 135 (update-binfmts)
Aug 11 09:33:45 LiuZheTan systemd[1]: proc-sys-fs-binfmt_misc.automount: Got automount request for /proc/sys/fs/binfmt_misc, triggered by 135 (update-binfmts)
Aug 11 09:33:45 LiuZheTan systemd[1]: proc-sys-fs-binfmt_misc.automount: Got automount request for /proc/sys/fs/binfmt_misc, triggered by 135 (update-binfmts)
Aug 11 09:33:45 LiuZheTan systemd[1]: proc-sys-fs-binfmt_misc.automount: Got automount request for /proc/sys/fs/binfmt_misc, triggered by 135 (update-binfmts)
Aug 11 09:33:45 LiuZheTan systemd[1]: proc-sys-fs-binfmt_misc.automount: Got automount request for /proc/sys/fs/binfmt_misc, triggered by 135 (update-binfmts)
Aug 11 09:33:45 LiuZheTan systemd[1]: proc-sys-fs-binfmt_misc.automount: Got automount request for /proc/sys/fs/binfmt_misc, triggered by 135 (update-binfmts)
Aug 11 09:33:45 LiuZheTan systemd[1]: proc-sys-fs-binfmt_misc.automount: Got automount request for /proc/sys/fs/binfmt_misc, triggered by 135 (update-binfmts)
Aug 11 09:33:45 LiuZheTan systemd[1]: proc-sys-fs-binfmt_misc.automount: Got automount request for /proc/sys/fs/binfmt_misc, triggered by 135 (update-binfmts)
Aug 11 09:33:45 LiuZheTan systemd[1]: proc-sys-fs-binfmt_misc.automount: Got automount request for /proc/sys/fs/binfmt_misc, triggered by 135 (update-binfmts)
Aug 11 09:33:45 LiuZheTan systemd[1]: proc-sys-fs-binfmt_misc.automount: Got automount request for /proc/sys/fs/binfmt_misc, triggered by 135 (update-binfmts)
Aug 11 09:33:45 LiuZheTan systemd[1]: proc-sys-fs-binfmt_misc.automount: Got automount request for /proc/sys/fs/binfmt_misc, triggered by 135 (update-binfmts)
Aug 11 09:33:45 LiuZheTan systemd[1]: proc-sys-fs-binfmt_misc.automount: Got automount request for /proc/sys/fs/binfmt_misc, triggered by 135 (update-binfmts)
Aug 11 09:33:45 LiuZheTan systemd[1]: proc-sys-fs-binfmt_misc.automount: Got automount request for /proc/sys/fs/binfmt_misc, triggered by 135 (update-binfmts)
Aug 11 09:33:45 LiuZheTan systemd[1]: proc-sys-fs-binfmt_misc.automount: Got automount request for /proc/sys/fs/binfmt_misc, triggered by 135 (update-binfmts)
Aug 11 09:33:45 LiuZheTan systemd[1]: Finished Enable support for additional executable binary formats.
Aug 11 09:33:45 LiuZheTan systemd[1]: Finished Tell Plymouth To Write Out Runtime Data.
Aug 11 09:33:45 LiuZheTan systemd[1]: Finished Flush Journal to Persistent Storage.
Aug 11 09:33:45 LiuZheTan systemd[1]: Finished QEMU KVM preparation - module, ksm, hugepages.
Aug 11 09:33:45 LiuZheTan systemd[1]: Starting Create Volatile Files and Directories...
Aug 11 09:33:45 LiuZheTan systemd[1]: Started Rule-based Manager for Device Events and Files.
Aug 11 09:33:45 LiuZheTan systemd[1]: Condition check resulted in Show Plymouth Boot Screen being skipped.
Aug 11 09:33:45 LiuZheTan systemd[1]: Started Dispatch Password Requests to Console Directory Watch.
Aug 11 09:33:45 LiuZheTan systemd[1]: Condition check resulted in Forward Password Requests to Plymouth Directory Watch being skipped.
Aug 11 09:33:45 LiuZheTan systemd[1]: Reached target Local Encrypted Volumes.
Aug 11 09:33:45 LiuZheTan systemd[1]: Finished Create Volatile Files and Directories.
Aug 11 09:33:45 LiuZheTan systemd[1]: Condition check resulted in Network Time Synchronization being skipped.
Aug 11 09:33:45 LiuZheTan systemd[1]: Reached target System Time Set.
Aug 11 09:33:45 LiuZheTan systemd[1]: Starting Record System Boot/Shutdown in UTMP...
Aug 11 09:33:45 LiuZheTan systemd[1]: Finished Record System Boot/Shutdown in UTMP.
Aug 11 09:33:45 LiuZheTan systemd[1]: Reached target System Initialization.
Aug 11 09:33:45 LiuZheTan systemd[1]: Condition check resulted in Process error reports when automatic reporting is enabled (file watch) being skipped.
Aug 11 09:33:45 LiuZheTan systemd[1]: Condition check resulted in Process error reports when automatic reporting is enabled (timer based) being skipped.
Aug 11 09:33:45 LiuZheTan systemd[1]: Started Daily apt download activities.
Aug 11 09:33:45 LiuZheTan systemd[1]: Started Daily apt upgrade and clean activities.
Aug 11 09:33:45 LiuZheTan systemd[1]: Started Daily dpkg database backup timer.
Aug 11 09:33:45 LiuZheTan systemd[1]: Started Periodic ext4 Online Metadata Check for All Filesystems.
Aug 11 09:33:45 LiuZheTan systemd[1]: Condition check resulted in Discard unused blocks once a week being skipped.
Aug 11 09:33:45 LiuZheTan systemd[1]: Started Daily rotation of log files.
Aug 11 09:33:45 LiuZheTan systemd[1]: Started Daily man-db regeneration.
Aug 11 09:33:45 LiuZheTan systemd[1]: Started Message of the Day.
Aug 11 09:33:45 LiuZheTan systemd[1]: Condition check resulted in Timer to automatically fetch and run repair assertions being skipped.
Aug 11 09:33:45 LiuZheTan systemd[1]: Started Daily Cleanup of Temporary Directories.
Aug 11 09:33:45 LiuZheTan systemd[1]: Started Ubuntu Advantage Timer for running repeated jobs.
Aug 11 09:33:45 LiuZheTan systemd[1]: Reached target Path Units.
Aug 11 09:33:45 LiuZheTan systemd[1]: Reached target Timer Units.
Aug 11 09:33:45 LiuZheTan systemd-udevd[171]: Using default interface naming scheme 'v249'.
Aug 11 09:33:45 LiuZheTan systemd[1]: Listening on Unix socket for apport crash forwarding.
Aug 11 09:33:45 LiuZheTan systemd[1]: Listening on D-Bus System Message Bus Socket.
Aug 11 09:33:45 LiuZheTan systemd[1]: Starting Socket activation for snappy daemon...
Aug 11 09:33:45 LiuZheTan systemd[1]: Listening on UUID daemon activation socket.
Aug 11 09:33:45 LiuZheTan systemd[1]: Listening on Socket activation for snappy daemon.
Aug 11 09:33:45 LiuZheTan systemd[1]: Reached target Socket Units.
Aug 11 09:33:45 LiuZheTan systemd[1]: Reached target Basic System.
Aug 11 09:33:45 LiuZheTan systemd[1]: System is tainted: cgroupsv1
Aug 11 09:33:45 LiuZheTan systemd[1]: Starting LSB: automatic crash report generation...
Aug 11 09:33:45 LiuZheTan systemd[1]: Started Regular background program processing daemon.
Aug 11 09:33:45 LiuZheTan systemd[1]: Started D-Bus System Message Bus.
Aug 11 09:33:45 LiuZheTan cron[191]: (CRON) INFO (pidfile fd = 3)
Aug 11 09:33:45 LiuZheTan systemd[1]: Started Save initial kernel messages after boot.
Aug 11 09:33:45 LiuZheTan cron[191]: (CRON) INFO (Running @reboot jobs)
Aug 11 09:33:45 LiuZheTan systemd[1]: Starting Remove Stale Online ext4 Metadata Check Snapshots...
Aug 11 09:33:45 LiuZheTan systemd[1]: Condition check resulted in getty on tty2-tty6 if dbus and logind are not available being skipped.
Aug 11 09:33:45 LiuZheTan systemd[1]: Reached target Login Prompts.
Aug 11 09:33:45 LiuZheTan systemd[1]: Condition check resulted in irqbalance daemon being skipped.
Aug 11 09:33:45 LiuZheTan systemd[1]: Starting Dispatcher daemon for systemd-networkd...
Aug 11 09:33:45 LiuZheTan systemd[1]: Starting System Logging Service...
Aug 11 09:33:45 LiuZheTan systemd[1]: Started Service for snap application ubuntu-desktop-installer.subiquity-server.
Aug 11 09:33:45 LiuZheTan systemd[1]: Condition check resulted in Userspace listener for prompt events being skipped.
Aug 11 09:33:45 LiuZheTan systemd[1]: Condition check resulted in Automatically repair incorrect owner/permissions on core devices being skipped.
Aug 11 09:33:45 LiuZheTan systemd[1]: Condition check resulted in Wait for the Ubuntu Core chooser trigger being skipped.
Aug 11 09:33:45 LiuZheTan systemd[1]: Reached target Preparation for Logins.
Aug 11 09:33:45 LiuZheTan systemd[1]: Starting Snap Daemon...
Aug 11 09:33:45 LiuZheTan systemd[1]: Starting User Login Management...
Aug 11 09:33:45 LiuZheTan systemd[1]: Starting Permit User Sessions...
Aug 11 09:33:45 LiuZheTan systemd[1]: Condition check resulted in Ubuntu Advantage reboot cmds being skipped.
Aug 11 09:33:45 LiuZheTan systemd[1]: Condition check resulted in Ubuntu Pro Background Auto Attach being skipped.
Aug 11 09:33:45 LiuZheTan systemd[1]: Starting Rotate log files...
Aug 11 09:33:45 LiuZheTan systemd[1]: Finished Permit User Sessions.
Aug 11 09:33:45 LiuZheTan rsyslogd[200]: imuxsock: Acquired UNIX socket '/run/systemd/journal/syslog' (fd 3) from systemd.  [v8.2112.0]
Aug 11 09:33:45 LiuZheTan rsyslogd[200]: rsyslogd's groupid changed to 111
Aug 11 09:33:45 LiuZheTan rsyslogd[200]: rsyslogd's userid changed to 104
Aug 11 09:33:45 LiuZheTan rsyslogd[200]: [origin software="rsyslogd" swVersion="8.2112.0" x-pid="200" x-info="https://www.rsyslog.com"] start
Aug 11 09:33:45 LiuZheTan systemd[1]: Started System Logging Service.
Aug 11 09:33:45 LiuZheTan systemd[1]: e2scrub_reap.service: Deactivated successfully.
Aug 11 09:33:45 LiuZheTan systemd[1]: Finished Remove Stale Online ext4 Metadata Check Snapshots.
Aug 11 09:33:45 LiuZheTan systemd[1]: Started LSB: automatic crash report generation.
Aug 11 09:33:45 LiuZheTan systemd-udevd[181]: sda: Process '/usr/bin/unshare -m /usr/bin/snap auto-import --mount=/dev/sda' failed with exit code 1.
Aug 11 09:33:45 LiuZheTan systemd[1]: Starting Hold until boot process finishes up...
Aug 11 09:33:45 LiuZheTan systemd[1]: Starting Terminate Plymouth Boot Screen...
Aug 11 09:33:45 LiuZheTan systemd[1]: Finished Hold until boot process finishes up.
Aug 11 09:33:45 LiuZheTan systemd-udevd[157]: sdb: Process '/usr/bin/unshare -m /usr/bin/snap auto-import --mount=/dev/sdb' failed with exit code 1.
Aug 11 09:33:45 LiuZheTan systemd-udevd[154]: sdc: Process '/usr/bin/unshare -m /usr/bin/snap auto-import --mount=/dev/sdc' failed with exit code 1.
Aug 11 09:33:45 LiuZheTan systemd[1]: Starting Set console scheme...
Aug 11 09:33:45 LiuZheTan systemd[1]: Finished Set console scheme.
Aug 11 09:33:45 LiuZheTan systemd[1]: Finished Terminate Plymouth Boot Screen.
Aug 11 09:33:45 LiuZheTan systemd[1]: logrotate.service: Deactivated successfully.
Aug 11 09:33:45 LiuZheTan systemd[1]: Finished Rotate log files.
Aug 11 09:33:45 LiuZheTan systemd-logind[207]: New seat seat0.
Aug 11 09:33:45 LiuZheTan systemd[1]: Started User Login Management.
Aug 11 09:33:45 LiuZheTan systemd[1]: Started Unattended Upgrades Shutdown.
Aug 11 09:33:45 LiuZheTan networkd-dispatcher[199]: No valid path found for iwconfig
Aug 11 09:33:45 LiuZheTan networkd-dispatcher[199]: No valid path found for iw
Aug 11 09:33:45 LiuZheTan dbus-daemon[193]: [system] Activating via systemd: service name='org.freedesktop.network1' unit='dbus-org.freedesktop.network1.service' requested by ':1.2' (uid=0 pid=270 comm="/usr/bin/networkctl list --no-pager --no-legend ")
Aug 11 09:33:45 LiuZheTan dbus-daemon[193]: [system] Activation via systemd failed for unit 'dbus-org.freedesktop.network1.service': Unit dbus-org.freedesktop.network1.service not found.
Aug 11 09:33:45 LiuZheTan networkd-dispatcher[270]: WARNING: systemd-networkd is not running, output will be incomplete.
Aug 11 09:33:45 LiuZheTan networkd-dispatcher[199]: ERROR:Unknown state for interface NetworkctlListState(idx=1, name='lo', type='loopback', operational='n/a', administrative='unmanaged'): n/a
Aug 11 09:33:45 LiuZheTan networkd-dispatcher[199]: Traceback (most recent call last):
Aug 11 09:33:45 LiuZheTan networkd-dispatcher[199]:   File "/usr/bin/networkd-dispatcher", line 298, in trigger_all
Aug 11 09:33:45 LiuZheTan networkd-dispatcher[199]:     self.handle_state(iface_name,
Aug 11 09:33:45 LiuZheTan networkd-dispatcher[199]:   File "/usr/bin/networkd-dispatcher", line 348, in handle_state
Aug 11 09:33:45 LiuZheTan networkd-dispatcher[199]:     raise UnknownState(operational_state)
Aug 11 09:33:45 LiuZheTan networkd-dispatcher[199]: UnknownState: n/a
Aug 11 09:33:45 LiuZheTan networkd-dispatcher[199]: ERROR:Unknown state for interface NetworkctlListState(idx=2, name='eth0', type='ether', operational='n/a', administrative='unmanaged'): n/a
Aug 11 09:33:45 LiuZheTan networkd-dispatcher[199]: Traceback (most recent call last):
Aug 11 09:33:45 LiuZheTan networkd-dispatcher[199]:   File "/usr/bin/networkd-dispatcher", line 298, in trigger_all
Aug 11 09:33:45 LiuZheTan networkd-dispatcher[199]:     self.handle_state(iface_name,
Aug 11 09:33:45 LiuZheTan networkd-dispatcher[199]:   File "/usr/bin/networkd-dispatcher", line 348, in handle_state
Aug 11 09:33:45 LiuZheTan networkd-dispatcher[199]:     raise UnknownState(operational_state)
Aug 11 09:33:45 LiuZheTan networkd-dispatcher[199]: UnknownState: n/a
Aug 11 09:33:45 LiuZheTan systemd[1]: Started Dispatcher daemon for systemd-networkd.
Aug 11 09:33:46 LiuZheTan kernel: misc dxg: dxgk: dxgkio_query_adapter_info: Ioctl failed: -2
Aug 11 09:33:46 LiuZheTan kernel: misc dxg: dxgk: dxgkio_query_adapter_info: Ioctl failed: -2
Aug 11 09:33:46 LiuZheTan kernel: misc dxg: dxgk: dxgkio_query_adapter_info: Ioctl failed: -2
Aug 11 09:33:46 LiuZheTan kernel: misc dxg: dxgk: dxgkio_query_adapter_info: Ioctl failed: -2
Aug 11 09:33:46 LiuZheTan kernel: misc dxg: dxgk: dxgkio_query_adapter_info: Ioctl failed: -2
Aug 11 09:33:46 LiuZheTan kernel: misc dxg: dxgk: dxgkio_query_adapter_info: Ioctl failed: -2
Aug 11 09:33:46 LiuZheTan kernel: misc dxg: dxgk: dxgkio_query_adapter_info: Ioctl failed: -2
Aug 11 09:33:46 LiuZheTan kernel: misc dxg: dxgk: dxgkio_query_adapter_info: Ioctl failed: -2
Aug 11 09:33:46 LiuZheTan kernel: misc dxg: dxgk: dxgkio_query_adapter_info: Ioctl failed: -2
Aug 11 09:33:46 LiuZheTan kernel: misc dxg: dxgk: dxgkio_query_adapter_info: Ioctl failed: -2
Aug 11 09:33:46 LiuZheTan kernel: misc dxg: dxgk: dxgkio_query_adapter_info: Ioctl failed: -2
Aug 11 09:33:46 LiuZheTan kernel: misc dxg: dxgk: dxgkio_query_adapter_info: Ioctl failed: -2
Aug 11 09:33:46 LiuZheTan kernel: misc dxg: dxgk: dxgkio_query_adapter_info: Ioctl failed: -2
Aug 11 09:33:46 LiuZheTan snapd[204]: overlord.go:272: Acquiring state lock file
Aug 11 09:33:46 LiuZheTan snapd[204]: overlord.go:277: Acquired state lock file
Aug 11 09:33:46 LiuZheTan snapd[204]: daemon.go:247: started snapd/2.59.5 (series 16; classic; devmode; wsl) ubuntu/22.04 (amd64) linux/5.15.90.1-microsoft-stand.
Aug 11 09:33:46 LiuZheTan snapd[204]: daemon.go:340: adjusting startup timeout by 1m0s (pessimistic estimate of 30s plus 5s per snap)
Aug 11 09:33:46 LiuZheTan systemd[1]: tmp-syscheck\x2dmountpoint\x2d967985976.mount: Deactivated successfully.
Aug 11 09:33:46 LiuZheTan snapd[204]: backends.go:58: AppArmor status: apparmor not enabled
Aug 11 09:33:46 LiuZheTan kernel: misc dxg: dxgk: dxgkio_query_adapter_info: Ioctl failed: -2
Aug 11 09:33:46 LiuZheTan systemd[1]: Started Snap Daemon.
Aug 11 09:33:46 LiuZheTan systemd[1]: Starting Wait until snapd is fully seeded...
Aug 11 09:33:46 LiuZheTan dbus-daemon[193]: [system] Activating via systemd: service name='org.freedesktop.timedate1' unit='dbus-org.freedesktop.timedate1.service' requested by ':1.5' (uid=0 pid=204 comm="/usr/lib/snapd/snapd ")
Aug 11 09:33:46 LiuZheTan systemd[1]: Starting Time & Date Service...
Aug 11 09:33:47 LiuZheTan dbus-daemon[193]: [system] Successfully activated service 'org.freedesktop.timedate1'
Aug 11 09:33:47 LiuZheTan systemd[1]: Started Time & Date Service.
Aug 11 09:33:47 LiuZheTan systemd[1]: Finished Wait until snapd is fully seeded.
Aug 11 09:33:47 LiuZheTan systemd[1]: Condition check resulted in Auto import assertions from block devices being skipped.
Aug 11 09:33:47 LiuZheTan systemd[1]: Reached target Multi-User System.
Aug 11 09:33:47 LiuZheTan systemd[1]: Starting Record Runlevel Change in UTMP...
Aug 11 09:33:47 LiuZheTan systemd[1]: systemd-update-utmp-runlevel.service: Deactivated successfully.
Aug 11 09:33:47 LiuZheTan systemd[1]: Finished Record Runlevel Change in UTMP.
Aug 11 09:33:47 LiuZheTan systemd[1]: Startup finished in 2.005s.
Aug 11 09:33:47 LiuZheTan systemd[1]: dmesg.service: Deactivated successfully.
Aug 11 09:33:47 LiuZheTan -m[340]: i18n file is /snap/ubuntu-desktop-installer/1198/bin/subiquity/subiquitycore/i18n.py
Aug 11 09:33:47 LiuZheTan -m[340]: Final localedir is /snap/ubuntu-desktop-installer/share/locale
Aug 11 09:33:47 LiuZheTan -m[340]: switch_language en_US
Aug 11 09:34:17 LiuZheTan systemd[1]: systemd-timedated.service: Deactivated successfully.
Aug 11 09:34:30 LiuZheTan kernel: hv_balloon: Max. dynamic memory size: 8004 MB
Aug 11 09:38:47 LiuZheTan dbus-daemon[193]: [system] Activating via systemd: service name='org.freedesktop.timedate1' unit='dbus-org.freedesktop.timedate1.service' requested by ':1.5' (uid=0 pid=204 comm="/usr/lib/snapd/snapd ")
Aug 11 09:38:47 LiuZheTan systemd[1]: Starting Time & Date Service...
Aug 11 09:38:47 LiuZheTan dbus-daemon[193]: [system] Successfully activated service 'org.freedesktop.timedate1'
Aug 11 09:38:47 LiuZheTan systemd[1]: Started Time & Date Service.
Aug 11 09:38:48 LiuZheTan kernel: TCP: eth0: Driver has suspect GRO implementation, TCP performance may be compromised.
Aug 11 09:38:49 LiuZheTan snapd[204]: storehelpers.go:769: cannot refresh: snap has no updates available: "bare", "core20", "core22", "gtk-common-themes", "snapd"
Aug 11 09:38:54 LiuZheTan systemd[1]: Reloading.
Aug 11 09:38:54 LiuZheTan systemd[1]: Mounting Mount unit for ubuntu-desktop-installer, revision 1200...
Aug 11 09:38:54 LiuZheTan systemd[1]: Mounted Mount unit for ubuntu-desktop-installer, revision 1200.
Aug 11 09:38:54 LiuZheTan systemd[1]: Stopping Service for snap application ubuntu-desktop-installer.subiquity-server...
Aug 11 09:38:54 LiuZheTan systemd[1]: snap.ubuntu-desktop-installer.subiquity-server.service: Deactivated successfully.
Aug 11 09:38:54 LiuZheTan systemd[1]: Stopped Service for snap application ubuntu-desktop-installer.subiquity-server.
Aug 11 09:38:54 LiuZheTan snapd[204]: services.go:1103: RemoveSnapServices - disabling snap.ubuntu-desktop-installer.subiquity-server.service
Aug 11 09:38:54 LiuZheTan systemd[1]: Reloading.
Aug 11 09:38:55 LiuZheTan systemd[1]: Reloading.
Aug 11 09:38:55 LiuZheTan systemd[1]: Reloading.
Aug 11 09:38:55 LiuZheTan systemd[1]: Started Service for snap application ubuntu-desktop-installer.subiquity-server.
Aug 11 09:38:55 LiuZheTan systemd[1]: snap-ubuntu\x2ddesktop\x2dinstaller-1195.mount: Deactivated successfully.
Aug 11 09:38:55 LiuZheTan systemd[1]: Reloading.
Aug 11 09:38:55 LiuZheTan -m[708]: i18n file is /snap/ubuntu-desktop-installer/1200/bin/subiquity/subiquitycore/i18n.py
Aug 11 09:38:55 LiuZheTan -m[708]: Final localedir is /snap/ubuntu-desktop-installer/share/locale
Aug 11 09:38:55 LiuZheTan -m[708]: switch_language en_US
Aug 11 09:38:56 LiuZheTan snapd[204]: storehelpers.go:769: cannot refresh snap "ubuntu-desktop-installer": snap has no updates available
Aug 11 09:39:17 LiuZheTan systemd[1]: systemd-timedated.service: Deactivated successfully.
Aug 11 09:48:46 LiuZheTan systemd[1]: Starting Cleanup of Temporary Directories...
Aug 11 09:48:46 LiuZheTan systemd[1]: systemd-tmpfiles-clean.service: Deactivated successfully.
Aug 11 09:48:46 LiuZheTan systemd[1]: Finished Cleanup of Temporary Directories.
Aug 11 09:48:57 LiuZheTan subiquity_event.708[708]: subiquity/Early/apply_autoinstall_config
Aug 11 09:48:57 LiuZheTan subiquity_event.708[708]: subiquity/Early/apply_autoinstall_config
Aug 11 09:48:57 LiuZheTan subiquity_event.708[708]: subiquity/Reporting/apply_autoinstall_config
Aug 11 09:48:57 LiuZheTan subiquity_event.708[708]: subiquity/Reporting/apply_autoinstall_config
Aug 11 09:48:57 LiuZheTan subiquity_event.708[708]: subiquity/Error/apply_autoinstall_config
Aug 11 09:48:57 LiuZheTan subiquity_event.708[708]: subiquity/Error/apply_autoinstall_config
Aug 11 09:48:57 LiuZheTan subiquity_event.708[708]: subiquity/Userdata/apply_autoinstall_config
Aug 11 09:48:57 LiuZheTan subiquity_event.708[708]: subiquity/Userdata/apply_autoinstall_config
Aug 11 09:48:57 LiuZheTan subiquity_event.708[708]: subiquity/Package/apply_autoinstall_config
Aug 11 09:48:57 LiuZheTan subiquity_event.708[708]: subiquity/Package/apply_autoinstall_config
Aug 11 09:48:57 LiuZheTan subiquity_event.708[708]: subiquity/Debconf/apply_autoinstall_config
Aug 11 09:48:57 LiuZheTan subiquity_event.708[708]: subiquity/Debconf/apply_autoinstall_config
Aug 11 09:48:57 LiuZheTan subiquity_event.708[708]: subiquity/Kernel/apply_autoinstall_config
Aug 11 09:48:57 LiuZheTan subiquity_event.708[708]: subiquity/Kernel/apply_autoinstall_config
Aug 11 09:48:57 LiuZheTan subiquity_event.708[708]: subiquity/Zdev/apply_autoinstall_config
Aug 11 09:48:57 LiuZheTan subiquity_event.708[708]: subiquity/Zdev/apply_autoinstall_config
Aug 11 09:48:57 LiuZheTan subiquity_event.708[708]: subiquity/Ad/apply_autoinstall_config
Aug 11 09:48:57 LiuZheTan subiquity_event.708[708]: subiquity/Ad/apply_autoinstall_config
Aug 11 09:48:57 LiuZheTan subiquity_event.708[708]: subiquity/Late/apply_autoinstall_config
Aug 11 09:48:57 LiuZheTan subiquity_event.708[708]: subiquity/Late/apply_autoinstall_config
Aug 11 09:48:58 LiuZheTan snapd[204]: storehelpers.go:769: cannot refresh: snap has no updates available: "bare", "core20", "core22", "gtk-common-themes", "snapd", "ubuntu-desktop-installer"
Aug 11 09:50:38 LiuZheTan sudo[825]: liuzhetan : TTY=pts/0 ; PWD=/home/liuzhetan ; USER=root ; COMMAND=/usr/bin/journalctl -b 0
Aug 11 09:50:38 LiuZheTan sudo[825]: pam_unix(sudo:session): session opened for user root(uid=0) by (uid=999)
Aug 11 09:50:42 LiuZheTan sudo[825]: pam_unix(sudo:session): session closed for user root
Aug 11 09:51:01 LiuZheTan sudo[830]: liuzhetan : TTY=pts/0 ; PWD=/home/liuzhetan ; USER=root ; COMMAND=/usr/bin/journalctl
Aug 11 09:51:01 LiuZheTan sudo[830]: pam_unix(sudo:session): session opened for user root(uid=0) by (uid=999)
Aug 11 09:51:01 LiuZheTan sudo[830]: pam_unix(sudo:session): session closed for user root
Aug 11 09:51:49 LiuZheTan sudo[834]: liuzhetan : TTY=pts/0 ; PWD=/home/liuzhetan ; USER=root ; COMMAND=/usr/bin/journalctl -b 0
Aug 11 09:51:49 LiuZheTan sudo[834]: pam_unix(sudo:session): session opened for user root(uid=0) by (uid=999)
Aug 11 09:51:51 LiuZheTan sudo[834]: pam_unix(sudo:session): session closed for user root
Aug 11 09:52:01 LiuZheTan sudo[838]: liuzhetan : TTY=pts/0 ; PWD=/home/liuzhetan ; USER=root ; COMMAND=/usr/bin/journalctl
Aug 11 09:52:01 LiuZheTan sudo[838]: pam_unix(sudo:session): session opened for user root(uid=0) by (uid=999)
Aug 11 09:52:01 LiuZheTan sudo[838]: pam_unix(sudo:session): session closed for user root
Aug 11 09:52:15 LiuZheTan sudo[842]: liuzhetan : TTY=pts/0 ; PWD=/home/liuzhetan ; USER=root ; COMMAND=/usr/bin/journalctl -b 1
Aug 11 09:52:15 LiuZheTan sudo[842]: pam_unix(sudo:session): session opened for user root(uid=0) by (uid=999)
Aug 11 09:52:17 LiuZheTan sudo[842]: pam_unix(sudo:session): session closed for user root
Aug 11 09:52:22 LiuZheTan sudo[846]: liuzhetan : TTY=pts/0 ; PWD=/home/liuzhetan ; USER=root ; COMMAND=/usr/bin/journalctl -b 2
Aug 11 09:52:22 LiuZheTan sudo[846]: pam_unix(sudo:session): session opened for user root(uid=0) by (uid=999)
Aug 11 09:52:22 LiuZheTan sudo[846]: pam_unix(sudo:session): session closed for user root
Aug 11 09:52:25 LiuZheTan sudo[850]: liuzhetan : TTY=pts/0 ; PWD=/home/liuzhetan ; USER=root ; COMMAND=/usr/bin/journalctl -b 3
Aug 11 09:52:25 LiuZheTan sudo[850]: pam_unix(sudo:session): session opened for user root(uid=0) by (uid=999)
Aug 11 09:52:26 LiuZheTan sudo[850]: pam_unix(sudo:session): session closed for user root
Aug 11 09:52:30 LiuZheTan sudo[854]: liuzhetan : TTY=pts/0 ; PWD=/home/liuzhetan ; USER=root ; COMMAND=/usr/bin/journalctl -b -1
Aug 11 09:52:30 LiuZheTan sudo[854]: pam_unix(sudo:session): session opened for user root(uid=0) by (uid=999)
Aug 11 09:52:31 LiuZheTan sudo[854]: pam_unix(sudo:session): session closed for user root
Aug 11 09:55:22 LiuZheTan systemd[1]: Starting Daily apt upgrade and clean activities...
Aug 11 09:55:25 LiuZheTan apt.systemd.daily[1061]: An error occurred: 404  Not Found [IP: 91.189.91.39 80]
Aug 11 09:55:25 LiuZheTan apt.systemd.daily[1061]: The URI http://security.ubuntu.com/ubuntu/pool/main/c/curl/curl_7.81.0-1ubuntu1.11_amd64.deb failed to download, aborting
Aug 11 09:55:25 LiuZheTan systemd[1]: apt-daily-upgrade.service: Deactivated successfully.
Aug 11 09:55:25 LiuZheTan systemd[1]: Finished Daily apt upgrade and clean activities.
Aug 11 10:00:58 LiuZheTan sudo[1347]: liuzhetan : TTY=pts/0 ; PWD=/home/liuzhetan/missing-semester-exercises ; USER=root ; COMMAND=/usr/bin/journalctl -b -0
Aug 11 10:00:58 LiuZheTan sudo[1347]: pam_unix(sudo:session): session opened for user root(uid=0) by (uid=999)
Aug 11 10:00:59 LiuZheTan sudo[1347]: pam_unix(sudo:session): session closed for user root
Aug 11 10:01:53 LiuZheTan sudo[1354]: liuzhetan : TTY=pts/4 ; PWD=/home/liuzhetan/missing-semester-exercises ; USER=root ; COMMAND=/usr/bin/journalctl -b -0
Aug 11 10:01:53 LiuZheTan sudo[1354]: pam_unix(sudo:session): session opened for user root(uid=0) by (uid=999)
Aug 11 10:01:59 LiuZheTan sudo[1354]: pam_unix(sudo:session): session closed for user root
Aug 11 10:01:59 LiuZheTan sudo[1403]: liuzhetan : TTY=pts/4 ; PWD=/home/liuzhetan/missing-semester-exercises ; USER=root ; COMMAND=/usr/bin/journalctl -b -1
Aug 11 10:01:59 LiuZheTan sudo[1403]: pam_unix(sudo:session): session opened for user root(uid=0) by (uid=999)
Aug 11 10:02:00 LiuZheTan sudo[1403]: pam_unix(sudo:session): session closed for user root
Aug 11 10:02:00 LiuZheTan sudo[1407]: liuzhetan : TTY=pts/4 ; PWD=/home/liuzhetan/missing-semester-exercises ; USER=root ; COMMAND=/usr/bin/journalctl -b -2
Aug 11 10:02:00 LiuZheTan sudo[1407]: pam_unix(sudo:session): session opened for user root(uid=0) by (uid=999)
Aug 11 10:02:00 LiuZheTan sudo[1407]: pam_unix(sudo:session): session closed for user root
Aug 11 10:02:12 LiuZheTan sudo[1438]: liuzhetan : TTY=pts/4 ; PWD=/home/liuzhetan/missing-semester-exercises ; USER=root ; COMMAND=/usr/bin/journalctl -b -0
Aug 11 10:02:12 LiuZheTan sudo[1438]: pam_unix(sudo:session): session opened for user root(uid=0) by (uid=999)
Aug 11 10:02:12 LiuZheTan sudo[1438]: pam_unix(sudo:session): session closed for user root
Aug 11 10:02:12 LiuZheTan sudo[1441]: liuzhetan : TTY=pts/4 ; PWD=/home/liuzhetan/missing-semester-exercises ; USER=root ; COMMAND=/usr/bin/journalctl -b -1
Aug 11 10:02:12 LiuZheTan sudo[1441]: pam_unix(sudo:session): session opened for user root(uid=0) by (uid=999)
Aug 11 10:02:12 LiuZheTan sudo[1441]: pam_unix(sudo:session): session closed for user root
Aug 11 10:02:12 LiuZheTan sudo[1444]: liuzhetan : TTY=pts/4 ; PWD=/home/liuzhetan/missing-semester-exercises ; USER=root ; COMMAND=/usr/bin/journalctl -b -2
Aug 11 10:02:12 LiuZheTan sudo[1444]: pam_unix(sudo:session): session opened for user root(uid=0) by (uid=999)
Aug 11 10:02:12 LiuZheTan sudo[1444]: pam_unix(sudo:session): session closed for user root
Aug 11 10:03:39 LiuZheTan sudo[1486]: liuzhetan : TTY=pts/4 ; PWD=/home/liuzhetan/missing-semester-exercises ; USER=root ; COMMAND=/usr/bin/journalctl -b -0
Aug 11 10:03:39 LiuZheTan sudo[1486]: pam_unix(sudo:session): session opened for user root(uid=0) by (uid=999)
Aug 11 10:03:39 LiuZheTan sudo[1486]: pam_unix(sudo:session): session closed for user root
Aug 11 10:03:39 LiuZheTan sudo[1489]: liuzhetan : TTY=pts/4 ; PWD=/home/liuzhetan/missing-semester-exercises ; USER=root ; COMMAND=/usr/bin/journalctl -b -1
Aug 11 10:03:39 LiuZheTan sudo[1489]: pam_unix(sudo:session): session opened for user root(uid=0) by (uid=999)
Aug 11 10:03:39 LiuZheTan sudo[1489]: pam_unix(sudo:session): session closed for user root
Aug 11 10:03:39 LiuZheTan sudo[1492]: liuzhetan : TTY=pts/4 ; PWD=/home/liuzhetan/missing-semester-exercises ; USER=root ; COMMAND=/usr/bin/journalctl -b -2
Aug 11 10:03:39 LiuZheTan sudo[1492]: pam_unix(sudo:session): session opened for user root(uid=0) by (uid=999)
Aug 11 10:03:39 LiuZheTan sudo[1492]: pam_unix(sudo:session): session closed for user root
Aug 11 10:07:28 LiuZheTan sudo[1541]: liuzhetan : TTY=pts/4 ; PWD=/home/liuzhetan/missing-semester-exercises ; USER=root ; COMMAND=/usr/bin/journalctl -b -0
Aug 11 10:07:28 LiuZheTan sudo[1541]: pam_unix(sudo:session): session opened for user root(uid=0) by (uid=999)
Aug 11 10:07:28 LiuZheTan sudo[1541]: pam_unix(sudo:session): session closed for user root
Aug 11 10:07:28 LiuZheTan sudo[1544]: liuzhetan : TTY=pts/4 ; PWD=/home/liuzhetan/missing-semester-exercises ; USER=root ; COMMAND=/usr/bin/journalctl -b -1
Aug 11 10:07:28 LiuZheTan sudo[1544]: pam_unix(sudo:session): session opened for user root(uid=0) by (uid=999)
Aug 11 10:07:28 LiuZheTan sudo[1544]: pam_unix(sudo:session): session closed for user root
Aug 11 10:07:28 LiuZheTan sudo[1547]: liuzhetan : TTY=pts/4 ; PWD=/home/liuzhetan/missing-semester-exercises ; USER=root ; COMMAND=/usr/bin/journalctl -b -2
Aug 11 10:07:28 LiuZheTan sudo[1547]: pam_unix(sudo:session): session opened for user root(uid=0) by (uid=999)
Aug 11 10:07:28 LiuZheTan sudo[1547]: pam_unix(sudo:session): session closed for user root
Aug 11 10:09:18 LiuZheTan sudo[1587]: liuzhetan : TTY=pts/4 ; PWD=/home/liuzhetan/missing-semester-exercises ; USER=root ; COMMAND=/usr/bin/journalctl -b -0
Aug 11 10:09:18 LiuZheTan sudo[1587]: pam_unix(sudo:session): session opened for user root(uid=0) by (uid=999)
Aug 11 10:09:18 LiuZheTan sudo[1587]: pam_unix(sudo:session): session closed for user root
Aug 11 10:09:18 LiuZheTan sudo[1590]: liuzhetan : TTY=pts/4 ; PWD=/home/liuzhetan/missing-semester-exercises ; USER=root ; COMMAND=/usr/bin/journalctl -b -1
Aug 11 10:09:18 LiuZheTan sudo[1590]: pam_unix(sudo:session): session opened for user root(uid=0) by (uid=999)
Aug 11 10:09:18 LiuZheTan sudo[1590]: pam_unix(sudo:session): session closed for user root
Aug 11 10:09:18 LiuZheTan sudo[1593]: liuzhetan : TTY=pts/4 ; PWD=/home/liuzhetan/missing-semester-exercises ; USER=root ; COMMAND=/usr/bin/journalctl -b -2
Aug 11 10:09:18 LiuZheTan sudo[1593]: pam_unix(sudo:session): session opened for user root(uid=0) by (uid=999)
Aug 11 10:09:18 LiuZheTan sudo[1593]: pam_unix(sudo:session): session closed for user root
Aug 11 10:09:33 LiuZheTan sudo[1627]: liuzhetan : TTY=pts/4 ; PWD=/home/liuzhetan/missing-semester-exercises ; USER=root ; COMMAND=/usr/bin/journalctl -b -0
Aug 11 10:09:33 LiuZheTan sudo[1627]: pam_unix(sudo:session): session opened for user root(uid=0) by (uid=999)
Aug 11 10:09:33 LiuZheTan sudo[1627]: pam_unix(sudo:session): session closed for user root
Aug 11 10:09:33 LiuZheTan sudo[1630]: liuzhetan : TTY=pts/4 ; PWD=/home/liuzhetan/missing-semester-exercises ; USER=root ; COMMAND=/usr/bin/journalctl -b -1
Aug 11 10:09:33 LiuZheTan sudo[1630]: pam_unix(sudo:session): session opened for user root(uid=0) by (uid=999)
Aug 11 10:09:33 LiuZheTan sudo[1630]: pam_unix(sudo:session): session closed for user root
Aug 11 10:09:33 LiuZheTan sudo[1633]: liuzhetan : TTY=pts/4 ; PWD=/home/liuzhetan/missing-semester-exercises ; USER=root ; COMMAND=/usr/bin/journalctl -b -2
Aug 11 10:09:33 LiuZheTan sudo[1633]: pam_unix(sudo:session): session opened for user root(uid=0) by (uid=999)
Aug 11 10:09:33 LiuZheTan sudo[1633]: pam_unix(sudo:session): session closed for user root
Aug 11 10:10:00 LiuZheTan sudo[1664]: liuzhetan : TTY=pts/4 ; PWD=/home/liuzhetan/missing-semester-exercises ; USER=root ; COMMAND=/usr/bin/journalctl -b -0
Aug 11 10:10:00 LiuZheTan sudo[1664]: pam_unix(sudo:session): session opened for user root(uid=0) by (uid=999)
Aug 11 10:10:00 LiuZheTan sudo[1664]: pam_unix(sudo:session): session closed for user root
Aug 11 10:10:00 LiuZheTan sudo[1667]: liuzhetan : TTY=pts/4 ; PWD=/home/liuzhetan/missing-semester-exercises ; USER=root ; COMMAND=/usr/bin/journalctl -b -1
Aug 11 10:10:00 LiuZheTan sudo[1667]: pam_unix(sudo:session): session opened for user root(uid=0) by (uid=999)
Aug 11 10:10:00 LiuZheTan sudo[1667]: pam_unix(sudo:session): session closed for user root
Aug 11 10:10:00 LiuZheTan sudo[1670]: liuzhetan : TTY=pts/4 ; PWD=/home/liuzhetan/missing-semester-exercises ; USER=root ; COMMAND=/usr/bin/journalctl -b -2
Aug 11 10:10:00 LiuZheTan sudo[1670]: pam_unix(sudo:session): session opened for user root(uid=0) by (uid=999)
Aug 11 10:10:00 LiuZheTan sudo[1670]: pam_unix(sudo:session): session closed for user root
Aug 11 10:10:23 LiuZheTan sudo[1701]: liuzhetan : TTY=pts/4 ; PWD=/home/liuzhetan/missing-semester-exercises ; USER=root ; COMMAND=/usr/bin/journalctl -b -0
Aug 11 10:10:23 LiuZheTan sudo[1701]: pam_unix(sudo:session): session opened for user root(uid=0) by (uid=999)
Aug 11 10:10:23 LiuZheTan sudo[1701]: pam_unix(sudo:session): session closed for user root
Aug 11 10:10:23 LiuZheTan sudo[1704]: liuzhetan : TTY=pts/4 ; PWD=/home/liuzhetan/missing-semester-exercises ; USER=root ; COMMAND=/usr/bin/journalctl -b -1
Aug 11 10:10:23 LiuZheTan sudo[1704]: pam_unix(sudo:session): session opened for user root(uid=0) by (uid=999)
Aug 11 10:10:23 LiuZheTan sudo[1704]: pam_unix(sudo:session): session closed for user root
Aug 11 10:10:23 LiuZheTan sudo[1707]: liuzhetan : TTY=pts/4 ; PWD=/home/liuzhetan/missing-semester-exercises ; USER=root ; COMMAND=/usr/bin/journalctl -b -2
Aug 11 10:10:23 LiuZheTan sudo[1707]: pam_unix(sudo:session): session opened for user root(uid=0) by (uid=999)
Aug 11 10:10:23 LiuZheTan sudo[1707]: pam_unix(sudo:session): session closed for user root
Aug 11 10:10:42 LiuZheTan sudo[1761]: liuzhetan : TTY=pts/4 ; PWD=/home/liuzhetan/missing-semester-exercises ; USER=root ; COMMAND=/usr/bin/journalctl -b -0
Aug 11 10:10:42 LiuZheTan sudo[1761]: pam_unix(sudo:session): session opened for user root(uid=0) by (uid=999)
Aug 11 10:10:42 LiuZheTan sudo[1761]: pam_unix(sudo:session): session closed for user root
Aug 11 10:10:42 LiuZheTan sudo[1764]: liuzhetan : TTY=pts/4 ; PWD=/home/liuzhetan/missing-semester-exercises ; USER=root ; COMMAND=/usr/bin/journalctl -b -1
Aug 11 10:10:42 LiuZheTan sudo[1764]: pam_unix(sudo:session): session opened for user root(uid=0) by (uid=999)
Aug 11 10:10:42 LiuZheTan sudo[1764]: pam_unix(sudo:session): session closed for user root
Aug 11 10:10:42 LiuZheTan sudo[1767]: liuzhetan : TTY=pts/4 ; PWD=/home/liuzhetan/missing-semester-exercises ; USER=root ; COMMAND=/usr/bin/journalctl -b -2
Aug 11 10:10:42 LiuZheTan sudo[1767]: pam_unix(sudo:session): session opened for user root(uid=0) by (uid=999)
Aug 11 10:10:42 LiuZheTan sudo[1767]: pam_unix(sudo:session): session closed for user root
Aug 11 10:12:51 LiuZheTan sudo[1839]: liuzhetan : TTY=pts/4 ; PWD=/home/liuzhetan/missing-semester-exercises ; USER=root ; COMMAND=/usr/bin/journalctl -b -0
Aug 11 10:12:51 LiuZheTan sudo[1839]: pam_unix(sudo:session): session opened for user root(uid=0) by (uid=999)
Aug 11 10:12:51 LiuZheTan sudo[1839]: pam_unix(sudo:session): session closed for user root
Aug 11 10:12:51 LiuZheTan sudo[1842]: liuzhetan : TTY=pts/4 ; PWD=/home/liuzhetan/missing-semester-exercises ; USER=root ; COMMAND=/usr/bin/journalctl -b -1
Aug 11 10:12:51 LiuZheTan sudo[1842]: pam_unix(sudo:session): session opened for user root(uid=0) by (uid=999)
Aug 11 10:12:51 LiuZheTan sudo[1842]: pam_unix(sudo:session): session closed for user root
Aug 11 10:12:51 LiuZheTan sudo[1845]: liuzhetan : TTY=pts/4 ; PWD=/home/liuzhetan/missing-semester-exercises ; USER=root ; COMMAND=/usr/bin/journalctl -b -2
Aug 11 10:12:51 LiuZheTan sudo[1845]: pam_unix(sudo:session): session opened for user root(uid=0) by (uid=999)
Aug 11 10:12:51 LiuZheTan sudo[1845]: pam_unix(sudo:session): session closed for user root
Aug 11 10:13:10 LiuZheTan sudo[1880]: liuzhetan : TTY=pts/4 ; PWD=/home/liuzhetan/missing-semester-exercises ; USER=root ; COMMAND=/usr/bin/journalctl -b -0
Aug 11 10:13:10 LiuZheTan sudo[1880]: pam_unix(sudo:session): session opened for user root(uid=0) by (uid=999)
Aug 11 10:13:10 LiuZheTan sudo[1880]: pam_unix(sudo:session): session closed for user root
Aug 11 10:13:10 LiuZheTan sudo[1883]: liuzhetan : TTY=pts/4 ; PWD=/home/liuzhetan/missing-semester-exercises ; USER=root ; COMMAND=/usr/bin/journalctl -b -1
Aug 11 10:13:10 LiuZheTan sudo[1883]: pam_unix(sudo:session): session opened for user root(uid=0) by (uid=999)
Aug 11 10:13:10 LiuZheTan sudo[1883]: pam_unix(sudo:session): session closed for user root
Aug 11 10:13:10 LiuZheTan sudo[1886]: liuzhetan : TTY=pts/4 ; PWD=/home/liuzhetan/missing-semester-exercises ; USER=root ; COMMAND=/usr/bin/journalctl -b -2
Aug 11 10:13:10 LiuZheTan sudo[1886]: pam_unix(sudo:session): session opened for user root(uid=0) by (uid=999)
Aug 11 10:13:10 LiuZheTan sudo[1886]: pam_unix(sudo:session): session closed for user root
Aug 11 10:13:56 LiuZheTan sudo[1918]: liuzhetan : TTY=pts/4 ; PWD=/home/liuzhetan/missing-semester-exercises ; USER=root ; COMMAND=/usr/bin/journalctl -b -0
Aug 11 10:13:56 LiuZheTan sudo[1918]: pam_unix(sudo:session): session opened for user root(uid=0) by (uid=999)
Aug 11 10:13:56 LiuZheTan sudo[1918]: pam_unix(sudo:session): session closed for user root
Aug 11 10:13:56 LiuZheTan sudo[1921]: liuzhetan : TTY=pts/4 ; PWD=/home/liuzhetan/missing-semester-exercises ; USER=root ; COMMAND=/usr/bin/journalctl -b -1
Aug 11 10:13:56 LiuZheTan sudo[1921]: pam_unix(sudo:session): session opened for user root(uid=0) by (uid=999)
Aug 11 10:13:56 LiuZheTan sudo[1921]: pam_unix(sudo:session): session closed for user root
Aug 11 10:13:56 LiuZheTan sudo[1924]: liuzhetan : TTY=pts/4 ; PWD=/home/liuzhetan/missing-semester-exercises ; USER=root ; COMMAND=/usr/bin/journalctl -b -2
Aug 11 10:13:56 LiuZheTan sudo[1924]: pam_unix(sudo:session): session opened for user root(uid=0) by (uid=999)
Aug 11 10:13:56 LiuZheTan sudo[1924]: pam_unix(sudo:session): session closed for user root
Aug 11 10:14:03 LiuZheTan sudo[1953]: liuzhetan : TTY=pts/4 ; PWD=/home/liuzhetan/missing-semester-exercises ; USER=root ; COMMAND=/usr/bin/journalctl -b -0
Aug 11 10:14:03 LiuZheTan sudo[1953]: pam_unix(sudo:session): session opened for user root(uid=0) by (uid=999)
Aug 11 10:14:03 LiuZheTan sudo[1953]: pam_unix(sudo:session): session closed for user root
Aug 11 10:14:03 LiuZheTan sudo[1956]: liuzhetan : TTY=pts/4 ; PWD=/home/liuzhetan/missing-semester-exercises ; USER=root ; COMMAND=/usr/bin/journalctl -b -1
Aug 11 10:14:03 LiuZheTan sudo[1956]: pam_unix(sudo:session): session opened for user root(uid=0) by (uid=999)
Aug 11 10:14:03 LiuZheTan sudo[1956]: pam_unix(sudo:session): session closed for user root
Aug 11 10:14:03 LiuZheTan sudo[1959]: liuzhetan : TTY=pts/4 ; PWD=/home/liuzhetan/missing-semester-exercises ; USER=root ; COMMAND=/usr/bin/journalctl -b -2
Aug 11 10:14:03 LiuZheTan sudo[1959]: pam_unix(sudo:session): session opened for user root(uid=0) by (uid=999)
Aug 11 10:14:03 LiuZheTan sudo[1959]: pam_unix(sudo:session): session closed for user root
Aug 11 10:14:47 LiuZheTan sudo[1994]: liuzhetan : TTY=pts/4 ; PWD=/home/liuzhetan/missing-semester-exercises/day4_script ; USER=root ; COMMAND=/usr/bin/journalctl -b -0
Aug 11 10:14:47 LiuZheTan sudo[1994]: pam_unix(sudo:session): session opened for user root(uid=0) by (uid=999)
Aug 10 23:18:09 LiuZheTan kernel: Linux version 5.15.90.1-microsoft-standard-WSL2 (oe-user@oe-host) (x86_64-msft-linux-gcc (GCC) 9.3.0, GNU ld (GNU Binutils) 2.34.0.20200220) #1 SMP Fri Jan 27 02:56:13 UTC 2023
Aug 10 23:18:09 LiuZheTan kernel: Command line: initrd=\initrd.img WSL_ROOT_INIT=1 panic=-1 nr_cpus=20 bonding.max_bonds=0 dummy.numdummies=0 fb_tunnels=none swiotlb=force console=hvc0 debug pty.legacy_count=0
Aug 10 23:18:09 LiuZheTan kernel: KERNEL supported cpus:
Aug 10 23:18:09 LiuZheTan kernel:   Intel GenuineIntel
Aug 10 23:18:09 LiuZheTan kernel:   AMD AuthenticAMD
Aug 10 23:18:09 LiuZheTan kernel:   Centaur CentaurHauls
Aug 10 23:18:09 LiuZheTan kernel: x86/fpu: Supporting XSAVE feature 0x001: 'x87 floating point registers'
Aug 10 23:18:09 LiuZheTan kernel: x86/fpu: Supporting XSAVE feature 0x002: 'SSE registers'
Aug 10 23:18:09 LiuZheTan kernel: x86/fpu: Supporting XSAVE feature 0x004: 'AVX registers'
Aug 10 23:18:09 LiuZheTan kernel: x86/fpu: xstate_offset[2]:  576, xstate_sizes[2]:  256
Aug 10 23:18:09 LiuZheTan kernel: x86/fpu: Enabled xstate features 0x7, context size is 832 bytes, using 'compacted' format.
Aug 10 23:18:09 LiuZheTan kernel: signal: max sigframe size: 1776
Aug 10 23:18:09 LiuZheTan kernel: BIOS-provided physical RAM map:
Aug 10 23:18:09 LiuZheTan kernel: BIOS-e820: [mem 0x0000000000000000-0x000000000009ffff] usable
Aug 10 23:18:09 LiuZheTan kernel: BIOS-e820: [mem 0x00000000000e0000-0x00000000000e0fff] reserved
Aug 10 23:18:09 LiuZheTan kernel: BIOS-e820: [mem 0x0000000000100000-0x00000000001fffff] ACPI data
Aug 10 23:18:09 LiuZheTan kernel: BIOS-e820: [mem 0x0000000000200000-0x00000000f7ffffff] usable
Aug 10 23:18:09 LiuZheTan kernel: BIOS-e820: [mem 0x0000000100000000-0x00000001fc3fffff] usable
Aug 10 23:18:09 LiuZheTan kernel: NX (Execute Disable) protection: active
Aug 10 23:18:09 LiuZheTan kernel: DMI not present or invalid.
Aug 10 23:18:09 LiuZheTan kernel: Hypervisor detected: Microsoft Hyper-V
Aug 10 23:18:09 LiuZheTan kernel: Hyper-V: privilege flags low 0xae7f, high 0x3b8030, hints 0xa4e24, misc 0xe0bed7b2
Aug 10 23:18:09 LiuZheTan kernel: Hyper-V Host Build:22621-10.0-2-0.2134
Aug 10 23:18:09 LiuZheTan kernel: Hyper-V: Nested features: 0x3e0101
Aug 10 23:18:09 LiuZheTan kernel: Hyper-V: LAPIC Timer Frequency: 0x1e8480
Aug 10 23:18:09 LiuZheTan kernel: Hyper-V: Using hypercall for remote TLB flush
Aug 10 23:18:09 LiuZheTan kernel: clocksource: hyperv_clocksource_tsc_page: mask: 0xffffffffffffffff max_cycles: 0x24e6a1710, max_idle_ns: 440795202120 ns
Aug 10 23:18:09 LiuZheTan kernel: tsc: Detected 2995.200 MHz processor
Aug 10 23:18:09 LiuZheTan kernel: e820: update [mem 0x00000000-0x00000fff] usable ==> reserved
Aug 10 23:18:09 LiuZheTan kernel: e820: remove [mem 0x000a0000-0x000fffff] usable
Aug 10 23:18:09 LiuZheTan kernel: last_pfn = 0x1fc400 max_arch_pfn = 0x400000000
Aug 10 23:18:09 LiuZheTan kernel: x86/PAT: Configuration [0-7]: WB  WC  UC- UC  WB  WP  UC- WT  
Aug 10 23:18:09 LiuZheTan kernel: last_pfn = 0xf8000 max_arch_pfn = 0x400000000
Aug 10 23:18:09 LiuZheTan kernel: Using GB pages for direct mapping
Aug 10 23:18:09 LiuZheTan kernel: RAMDISK: [mem 0x03a35000-0x03c18fff]
Aug 10 23:18:09 LiuZheTan kernel: ACPI: Early table checksum verification disabled
Aug 10 23:18:09 LiuZheTan kernel: ACPI: RSDP 0x00000000000E0000 000024 (v02 VRTUAL)
Aug 10 23:18:09 LiuZheTan kernel: ACPI: XSDT 0x0000000000100000 000044 (v01 VRTUAL MICROSFT 00000001 MSFT 00000001)
Aug 10 23:18:09 LiuZheTan kernel: ACPI: FACP 0x0000000000101000 000114 (v06 VRTUAL MICROSFT 00000001 MSFT 00000001)
Aug 10 23:18:09 LiuZheTan kernel: ACPI: DSDT 0x00000000001011B8 01E191 (v02 MSFTVM DSDT01   00000001 MSFT 05000000)
Aug 10 23:18:09 LiuZheTan kernel: ACPI: FACS 0x0000000000101114 000040
Aug 10 23:18:09 LiuZheTan kernel: ACPI: OEM0 0x0000000000101154 000064 (v01 VRTUAL MICROSFT 00000001 MSFT 00000001)
Aug 10 23:18:09 LiuZheTan kernel: ACPI: SRAT 0x000000000011F349 0003F0 (v02 VRTUAL MICROSFT 00000001 MSFT 00000001)
Aug 10 23:18:09 LiuZheTan kernel: ACPI: APIC 0x000000000011F739 0000E8 (v04 VRTUAL MICROSFT 00000001 MSFT 00000001)
Aug 10 23:18:09 LiuZheTan kernel: ACPI: Reserving FACP table memory at [mem 0x101000-0x101113]
Aug 10 23:18:09 LiuZheTan kernel: ACPI: Reserving DSDT table memory at [mem 0x1011b8-0x11f348]
Aug 10 23:18:09 LiuZheTan kernel: ACPI: Reserving FACS table memory at [mem 0x101114-0x101153]
Aug 10 23:18:09 LiuZheTan kernel: ACPI: Reserving OEM0 table memory at [mem 0x101154-0x1011b7]
Aug 10 23:18:09 LiuZheTan kernel: ACPI: Reserving SRAT table memory at [mem 0x11f349-0x11f738]
Aug 10 23:18:09 LiuZheTan kernel: ACPI: Reserving APIC table memory at [mem 0x11f739-0x11f820]
Aug 10 23:18:09 LiuZheTan kernel: Zone ranges:
Aug 10 23:18:09 LiuZheTan kernel:   DMA      [mem 0x0000000000001000-0x0000000000ffffff]
Aug 10 23:18:09 LiuZheTan kernel:   DMA32    [mem 0x0000000001000000-0x00000000ffffffff]
Aug 10 23:18:09 LiuZheTan kernel:   Normal   [mem 0x0000000100000000-0x00000001fc3fffff]
Aug 10 23:18:09 LiuZheTan kernel:   Device   empty
Aug 10 23:18:09 LiuZheTan kernel: Movable zone start for each node
Aug 10 23:18:09 LiuZheTan kernel: Early memory node ranges
Aug 10 23:18:09 LiuZheTan kernel:   node   0: [mem 0x0000000000001000-0x000000000009ffff]
Aug 10 23:18:09 LiuZheTan kernel:   node   0: [mem 0x0000000000200000-0x00000000f7ffffff]
Aug 10 23:18:09 LiuZheTan kernel:   node   0: [mem 0x0000000100000000-0x00000001fc3fffff]
Aug 10 23:18:09 LiuZheTan kernel: Initmem setup node 0 [mem 0x0000000000001000-0x00000001fc3fffff]
Aug 10 23:18:09 LiuZheTan kernel: On node 0, zone DMA: 1 pages in unavailable ranges
Aug 10 23:18:09 LiuZheTan kernel: On node 0, zone DMA: 352 pages in unavailable ranges
Aug 10 23:18:09 LiuZheTan kernel: On node 0, zone Normal: 15360 pages in unavailable ranges
Aug 10 23:18:09 LiuZheTan kernel: ACPI: LAPIC_NMI (acpi_id[0x01] dfl dfl lint[0x1])
Aug 10 23:18:09 LiuZheTan kernel: IOAPIC[0]: apic_id 20, version 17, address 0xfec00000, GSI 0-23
Aug 10 23:18:09 LiuZheTan kernel: ACPI: INT_SRC_OVR (bus 0 bus_irq 9 global_irq 9 high level)
Aug 10 23:18:09 LiuZheTan kernel: ACPI: Using ACPI (MADT) for SMP configuration information
Aug 10 23:18:09 LiuZheTan kernel: TSC deadline timer available
Aug 10 23:18:09 LiuZheTan kernel: smpboot: Allowing 20 CPUs, 0 hotplug CPUs
Aug 10 23:18:09 LiuZheTan kernel: [mem 0xf8000000-0xffffffff] available for PCI devices
Aug 10 23:18:09 LiuZheTan kernel: Booting paravirtualized kernel on Hyper-V
Aug 10 23:18:09 LiuZheTan kernel: clocksource: refined-jiffies: mask: 0xffffffff max_cycles: 0xffffffff, max_idle_ns: 19112604462750000 ns
Aug 10 23:18:09 LiuZheTan kernel: setup_percpu: NR_CPUS:256 nr_cpumask_bits:256 nr_cpu_ids:20 nr_node_ids:1
Aug 10 23:18:09 LiuZheTan kernel: percpu: Embedded 53 pages/cpu s177496 r8192 d31400 u262144
Aug 10 23:18:09 LiuZheTan kernel: pcpu-alloc: s177496 r8192 d31400 u262144 alloc=1*2097152
Aug 10 23:18:09 LiuZheTan kernel: pcpu-alloc: [0] 00 01 02 03 04 05 06 07 [0] 08 09 10 11 12 13 14 15 
Aug 10 23:18:09 LiuZheTan kernel: pcpu-alloc: [0] 16 17 18 19 -- -- -- -- 
Aug 10 23:18:09 LiuZheTan kernel: Hyper-V: PV spinlocks enabled
Aug 10 23:18:09 LiuZheTan kernel: PV qspinlock hash table entries: 256 (order: 0, 4096 bytes, linear)
Aug 10 23:18:09 LiuZheTan kernel: Built 1 zonelists, mobility grouping on.  Total pages: 2015989
Aug 10 23:18:09 LiuZheTan kernel: Kernel command line: initrd=\initrd.img WSL_ROOT_INIT=1 panic=-1 nr_cpus=20 bonding.max_bonds=0 dummy.numdummies=0 fb_tunnels=none swiotlb=force console=hvc0 debug pty.legacy_count=0
Aug 10 23:18:09 LiuZheTan kernel: Unknown kernel command line parameters "WSL_ROOT_INIT=1", will be passed to user space.
Aug 10 23:18:09 LiuZheTan kernel: printk: log_buf_len individual max cpu contribution: 4096 bytes
Aug 10 23:18:09 LiuZheTan kernel: printk: log_buf_len total cpu_extra contributions: 77824 bytes
Aug 10 23:18:09 LiuZheTan kernel: printk: log_buf_len min size: 131072 bytes
Aug 10 23:18:09 LiuZheTan kernel: printk: log_buf_len: 262144 bytes
Aug 10 23:18:09 LiuZheTan kernel: printk: early log buf free: 125152(95%)
Aug 10 23:18:09 LiuZheTan kernel: Dentry cache hash table entries: 1048576 (order: 11, 8388608 bytes, linear)
Aug 10 23:18:09 LiuZheTan kernel: Inode-cache hash table entries: 524288 (order: 10, 4194304 bytes, linear)
Aug 10 23:18:09 LiuZheTan kernel: mem auto-init: stack:off, heap alloc:off, heap free:off
